Archive member included to satisfy reference by file (symbol)

/opt/homebrew/Cellar/arm-none-eabi-gcc/10.3-2021.07/gcc/bin/../lib/gcc/arm-none-eabi/10.3.1/thumb/v7e-m/nofp/libgcc.a(_aeabi_uldivmod.o)
                              CMakeFiles/Downer.elf.dir/Drivers/STM32F4xx_HAL_Driver/Src/stm32f4xx_hal_rcc.c.obj (__aeabi_uldivmod)
/opt/homebrew/Cellar/arm-none-eabi-gcc/10.3-2021.07/gcc/bin/../lib/gcc/arm-none-eabi/10.3.1/thumb/v7e-m/nofp/libgcc.a(_udivmoddi4.o)
                              /opt/homebrew/Cellar/arm-none-eabi-gcc/10.3-2021.07/gcc/bin/../lib/gcc/arm-none-eabi/10.3.1/thumb/v7e-m/nofp/libgcc.a(_aeabi_uldivmod.o) (__udivmoddi4)
/opt/homebrew/Cellar/arm-none-eabi-gcc/10.3-2021.07/gcc/bin/../lib/gcc/arm-none-eabi/10.3.1/thumb/v7e-m/nofp/libgcc.a(_dvmd_tls.o)
                              /opt/homebrew/Cellar/arm-none-eabi-gcc/10.3-2021.07/gcc/bin/../lib/gcc/arm-none-eabi/10.3.1/thumb/v7e-m/nofp/libgcc.a(_aeabi_uldivmod.o) (__aeabi_ldiv0)
/opt/homebrew/Cellar/arm-none-eabi-gcc/10.3-2021.07/gcc/bin/../lib/gcc/arm-none-eabi/10.3.1/../../../../arm-none-eabi/lib/thumb/v7e-m/nofp/libg.a(lib_a-errno.o)
                              CMakeFiles/Downer.elf.dir/Core/Src/syscalls.c.obj (__errno)
/opt/homebrew/Cellar/arm-none-eabi-gcc/10.3-2021.07/gcc/bin/../lib/gcc/arm-none-eabi/10.3.1/../../../../arm-none-eabi/lib/thumb/v7e-m/nofp/libg.a(lib_a-exit.o)
                              /opt/homebrew/Cellar/arm-none-eabi-gcc/10.3-2021.07/gcc/bin/../lib/gcc/arm-none-eabi/10.3.1/../../../../arm-none-eabi/lib/thumb/v7e-m/nofp/crt0.o (exit)
/opt/homebrew/Cellar/arm-none-eabi-gcc/10.3-2021.07/gcc/bin/../lib/gcc/arm-none-eabi/10.3.1/../../../../arm-none-eabi/lib/thumb/v7e-m/nofp/libg.a(lib_a-impure.o)
                              /opt/homebrew/Cellar/arm-none-eabi-gcc/10.3-2021.07/gcc/bin/../lib/gcc/arm-none-eabi/10.3.1/../../../../arm-none-eabi/lib/thumb/v7e-m/nofp/libg.a(lib_a-exit.o) (_global_impure_ptr)
/opt/homebrew/Cellar/arm-none-eabi-gcc/10.3-2021.07/gcc/bin/../lib/gcc/arm-none-eabi/10.3.1/../../../../arm-none-eabi/lib/thumb/v7e-m/nofp/libg.a(lib_a-init.o)
                              /opt/homebrew/Cellar/arm-none-eabi-gcc/10.3-2021.07/gcc/bin/../lib/gcc/arm-none-eabi/10.3.1/../../../../arm-none-eabi/lib/thumb/v7e-m/nofp/crt0.o (__libc_init_array)
/opt/homebrew/Cellar/arm-none-eabi-gcc/10.3-2021.07/gcc/bin/../lib/gcc/arm-none-eabi/10.3.1/../../../../arm-none-eabi/lib/thumb/v7e-m/nofp/libg.a(lib_a-memset.o)
                              /opt/homebrew/Cellar/arm-none-eabi-gcc/10.3-2021.07/gcc/bin/../lib/gcc/arm-none-eabi/10.3.1/../../../../arm-none-eabi/lib/thumb/v7e-m/nofp/crt0.o (memset)
/opt/homebrew/Cellar/arm-none-eabi-gcc/10.3-2021.07/gcc/bin/../lib/gcc/arm-none-eabi/10.3.1/../../../../arm-none-eabi/lib/thumb/v7e-m/nofp/libg.a(lib_a-__call_atexit.o)
                              /opt/homebrew/Cellar/arm-none-eabi-gcc/10.3-2021.07/gcc/bin/../lib/gcc/arm-none-eabi/10.3.1/../../../../arm-none-eabi/lib/thumb/v7e-m/nofp/libg.a(lib_a-exit.o) (__call_exitprocs)
/opt/homebrew/Cellar/arm-none-eabi-gcc/10.3-2021.07/gcc/bin/../lib/gcc/arm-none-eabi/10.3.1/../../../../arm-none-eabi/lib/thumb/v7e-m/nofp/libg.a(lib_a-atexit.o)
                              /opt/homebrew/Cellar/arm-none-eabi-gcc/10.3-2021.07/gcc/bin/../lib/gcc/arm-none-eabi/10.3.1/../../../../arm-none-eabi/lib/thumb/v7e-m/nofp/libg.a(lib_a-__call_atexit.o) (atexit)
/opt/homebrew/Cellar/arm-none-eabi-gcc/10.3-2021.07/gcc/bin/../lib/gcc/arm-none-eabi/10.3.1/../../../../arm-none-eabi/lib/thumb/v7e-m/nofp/libg.a(lib_a-fini.o)
                              /opt/homebrew/Cellar/arm-none-eabi-gcc/10.3-2021.07/gcc/bin/../lib/gcc/arm-none-eabi/10.3.1/../../../../arm-none-eabi/lib/thumb/v7e-m/nofp/libg.a(lib_a-__call_atexit.o) (__libc_fini_array)
/opt/homebrew/Cellar/arm-none-eabi-gcc/10.3-2021.07/gcc/bin/../lib/gcc/arm-none-eabi/10.3.1/../../../../arm-none-eabi/lib/thumb/v7e-m/nofp/libg.a(lib_a-lock.o)
                              /opt/homebrew/Cellar/arm-none-eabi-gcc/10.3-2021.07/gcc/bin/../lib/gcc/arm-none-eabi/10.3.1/../../../../arm-none-eabi/lib/thumb/v7e-m/nofp/libg.a(lib_a-__call_atexit.o) (__retarget_lock_acquire_recursive)
/opt/homebrew/Cellar/arm-none-eabi-gcc/10.3-2021.07/gcc/bin/../lib/gcc/arm-none-eabi/10.3.1/../../../../arm-none-eabi/lib/thumb/v7e-m/nofp/libg.a(lib_a-__atexit.o)
                              /opt/homebrew/Cellar/arm-none-eabi-gcc/10.3-2021.07/gcc/bin/../lib/gcc/arm-none-eabi/10.3.1/../../../../arm-none-eabi/lib/thumb/v7e-m/nofp/libg.a(lib_a-atexit.o) (__register_exitproc)

Discarded input sections

 .text          0x0000000000000000        0x0 /opt/homebrew/Cellar/arm-none-eabi-gcc/10.3-2021.07/gcc/bin/../lib/gcc/arm-none-eabi/10.3.1/thumb/v7e-m/nofp/crti.o
 .data          0x0000000000000000        0x0 /opt/homebrew/Cellar/arm-none-eabi-gcc/10.3-2021.07/gcc/bin/../lib/gcc/arm-none-eabi/10.3.1/thumb/v7e-m/nofp/crti.o
[...]
Memory Configuration

Name             Origin             Length             Attributes
RAM              0x0000000020000000 0x0000000000020000 xrw
FLASH            0x0000000008000000 0x0000000000080000 xr
*default*        0x0000000000000000 0xffffffffffffffff

Linker script and memory map

LOAD /opt/homebrew/Cellar/arm-none-eabi-gcc/10.3-2021.07/gcc/bin/../lib/gcc/arm-none-eabi/10.3.1/thumb/v7e-m/nofp/crti.o
LOAD /opt/homebrew/Cellar/arm-none-eabi-gcc/10.3-2021.07/gcc/bin/../lib/gcc/arm-none-eabi/10.3.1/thumb/v7e-m/nofp/crtbegin.o
LOAD /opt/homebrew/Cellar/arm-none-eabi-gcc/10.3-2021.07/gcc/bin/../lib/gcc/arm-none-eabi/10.3.1/../../../../arm-none-eabi/lib/thumb/v7e-m/nofp/crt0.o
LOAD CMakeFiles/Downer.elf.dir/Core/Src/main.c.obj
LOAD CMakeFiles/Downer.elf.dir/Core/Src/stm32f4xx_hal_msp.c.obj
LOAD CMakeFiles/Downer.elf.dir/Core/Src/stm32f4xx_it.c.obj
LOAD CMakeFiles/Downer.elf.dir/Core/Src/syscalls.c.obj
LOAD CMakeFiles/Downer.elf.dir/Core/Src/sysmem.c.obj
LOAD CMakeFiles/Downer.elf.dir/Core/Src/system_stm32f4xx.c.obj
LOAD CMakeFiles/Downer.elf.dir/Core/Startup/startup_stm32f446retx.s.obj
LOAD CMakeFiles/Downer.elf.dir/Drivers/STM32F4xx_HAL_Driver/Src/stm32f4xx_hal.c.obj
LOAD CMakeFiles/Downer.elf.dir/Drivers/STM32F4xx_HAL_Driver/Src/stm32f4xx_hal_cortex.c.obj
LOAD CMakeFiles/Downer.elf.dir/Drivers/STM32F4xx_HAL_Driver/Src/stm32f4xx_hal_dma.c.obj
LOAD CMakeFiles/Downer.elf.dir/Drivers/STM32F4xx_HAL_Driver/Src/stm32f4xx_hal_dma_ex.c.obj
LOAD CMakeFiles/Downer.elf.dir/Drivers/STM32F4xx_HAL_Driver/Src/stm32f4xx_hal_exti.c.obj
LOAD CMakeFiles/Downer.elf.dir/Drivers/STM32F4xx_HAL_Driver/Src/stm32f4xx_hal_flash.c.obj
LOAD CMakeFiles/Downer.elf.dir/Drivers/STM32F4xx_HAL_Driver/Src/stm32f4xx_hal_flash_ex.c.obj
LOAD CMakeFiles/Downer.elf.dir/Drivers/STM32F4xx_HAL_Driver/Src/stm32f4xx_hal_flash_ramfunc.c.obj
LOAD CMakeFiles/Downer.elf.dir/Drivers/STM32F4xx_HAL_Driver/Src/stm32f4xx_hal_gpio.c.obj
LOAD CMakeFiles/Downer.elf.dir/Drivers/STM32F4xx_HAL_Driver/Src/stm32f4xx_hal_pwr.c.obj
LOAD CMakeFiles/Downer.elf.dir/Drivers/STM32F4xx_HAL_Driver/Src/stm32f4xx_hal_pwr_ex.c.obj
LOAD CMakeFiles/Downer.elf.dir/Drivers/STM32F4xx_HAL_Driver/Src/stm32f4xx_hal_rcc.c.obj
LOAD CMakeFiles/Downer.elf.dir/Drivers/STM32F4xx_HAL_Driver/Src/stm32f4xx_hal_rcc_ex.c.obj
LOAD CMakeFiles/Downer.elf.dir/Drivers/STM32F4xx_HAL_Driver/Src/stm32f4xx_hal_tim.c.obj
LOAD CMakeFiles/Downer.elf.dir/Drivers/STM32F4xx_HAL_Driver/Src/stm32f4xx_hal_tim_ex.c.obj
START GROUP
LOAD /opt/homebrew/Cellar/arm-none-eabi-gcc/10.3-2021.07/gcc/bin/../lib/gcc/arm-none-eabi/10.3.1/thumb/v7e-m/nofp/libgcc.a
LOAD /opt/homebrew/Cellar/arm-none-eabi-gcc/10.3-2021.07/gcc/bin/../lib/gcc/arm-none-eabi/10.3.1/../../../../arm-none-eabi/lib/thumb/v7e-m/nofp/libg.a
LOAD /opt/homebrew/Cellar/arm-none-eabi-gcc/10.3-2021.07/gcc/bin/../lib/gcc/arm-none-eabi/10.3.1/../../../../arm-none-eabi/lib/thumb/v7e-m/nofp/libc.a
END GROUP
LOAD /opt/homebrew/Cellar/arm-none-eabi-gcc/10.3-2021.07/gcc/bin/../lib/gcc/arm-none-eabi/10.3.1/thumb/v7e-m/nofp/crtend.o
LOAD /opt/homebrew/Cellar/arm-none-eabi-gcc/10.3-2021.07/gcc/bin/../lib/gcc/arm-none-eabi/10.3.1/thumb/v7e-m/nofp/crtn.o
                0x0000000020020000                _estack = (ORIGIN (RAM) + LENGTH (RAM))
                0x0000000000000200                _Min_Heap_Size = 0x200
                0x0000000000000400                _Min_Stack_Size = 0x400

.isr_vector     0x0000000008000000      0x1c4
                0x0000000008000000                . = ALIGN (0x4)
 *(.isr_vector)
 .isr_vector    0x0000000008000000      0x1c4 CMakeFiles/Downer.elf.dir/Core/Startup/startup_stm32f446retx.s.obj
                0x0000000008000000                g_pfnVectors
                0x00000000080001c4                . = ALIGN (0x4)

.text           0x00000000080001c4      0xe90
                0x00000000080001c4                . = ALIGN (0x4)
 *(.text)
 .text          0x00000000080001c4       0x40 /opt/homebrew/Cellar/arm-none-eabi-gcc/10.3-2021.07/gcc/bin/../lib/gcc/arm-none-eabi/10.3.1/thumb/v7e-m/nofp/crtbegin.o
 .text          0x0000000008000204       0x30 /opt/homebrew/Cellar/arm-none-eabi-gcc/10.3-2021.07/gcc/bin/../lib/gcc/arm-none-eabi/10.3.1/thumb/v7e-m/nofp/libgcc.a(_aeabi_uldivmod.o)
                0x0000000008000204                __aeabi_uldivmod
 .text          0x0000000008000234      0x2d0 /opt/homebrew/Cellar/arm-none-eabi-gcc/10.3-2021.07/gcc/bin/../lib/gcc/arm-none-eabi/10.3.1/thumb/v7e-m/nofp/libgcc.a(_udivmoddi4.o)
                0x0000000008000234                __udivmoddi4
 .text          0x0000000008000504        0x4 /opt/homebrew/Cellar/arm-none-eabi-gcc/10.3-2021.07/gcc/bin/../lib/gcc/arm-none-eabi/10.3.1/thumb/v7e-m/nofp/libgcc.a(_dvmd_tls.o)
                0x0000000008000504                __aeabi_ldiv0
                0x0000000008000504                __aeabi_idiv0
 *(.text*)
 .text.Error_Handler
                0x0000000008000508        0x4 CMakeFiles/Downer.elf.dir/Core/Src/main.c.obj
                0x0000000008000508                Error_Handler
 .text.SystemClock_Config
                0x000000000800050c       0x8c CMakeFiles/Downer.elf.dir/Core/Src/main.c.obj
                0x000000000800050c                SystemClock_Config
 .text.main     0x0000000008000598        0xc CMakeFiles/Downer.elf.dir/Core/Src/main.c.obj
                0x0000000008000598                main
 .text.HAL_MspInit
                0x00000000080005a4       0x38 CMakeFiles/Downer.elf.dir/Core/Src/stm32f4xx_hal_msp.c.obj
                0x00000000080005a4                HAL_MspInit
 .text.NMI_Handler
                0x00000000080005dc        0x2 CMakeFiles/Downer.elf.dir/Core/Src/stm32f4xx_it.c.obj
                0x00000000080005dc                NMI_Handler
 .text.HardFault_Handler
                0x00000000080005de        0x2 CMakeFiles/Downer.elf.dir/Core/Src/stm32f4xx_it.c.obj
                0x00000000080005de                HardFault_Handler
 .text.MemManage_Handler
                0x00000000080005e0        0x2 CMakeFiles/Downer.elf.dir/Core/Src/stm32f4xx_it.c.obj
                0x00000000080005e0                MemManage_Handler
 .text.BusFault_Handler
                0x00000000080005e2        0x2 CMakeFiles/Downer.elf.dir/Core/Src/stm32f4xx_it.c.obj
                0x00000000080005e2                BusFault_Handler
 .text.UsageFault_Handler
                0x00000000080005e4        0x2 CMakeFiles/Downer.elf.dir/Core/Src/stm32f4xx_it.c.obj
                0x00000000080005e4                UsageFault_Handler
 .text.SVC_Handler
                0x00000000080005e6        0x2 CMakeFiles/Downer.elf.dir/Core/Src/stm32f4xx_it.c.obj
                0x00000000080005e6                SVC_Handler
 .text.DebugMon_Handler
                0x00000000080005e8        0x2 CMakeFiles/Downer.elf.dir/Core/Src/stm32f4xx_it.c.obj
                0x00000000080005e8                DebugMon_Handler
 .text.PendSV_Handler
                0x00000000080005ea        0x2 CMakeFiles/Downer.elf.dir/Core/Src/stm32f4xx_it.c.obj
                0x00000000080005ea                PendSV_Handler
 .text.SysTick_Handler
                0x00000000080005ec        0x8 CMakeFiles/Downer.elf.dir/Core/Src/stm32f4xx_it.c.obj
                0x00000000080005ec                SysTick_Handler
 .text.SystemInit
                0x00000000080005f4        0x2 CMakeFiles/Downer.elf.dir/Core/Src/system_stm32f4xx.c.obj
                0x00000000080005f4                SystemInit
 *fill*         0x00000000080005f6        0x2 
 .text.Reset_Handler
                0x00000000080005f8       0x50 CMakeFiles/Downer.elf.dir/Core/Startup/startup_stm32f446retx.s.obj
                0x00000000080005f8                Reset_Handler
 .text.Default_Handler
                0x0000000008000648        0x2 CMakeFiles/Downer.elf.dir/Core/Startup/startup_stm32f446retx.s.obj
                0x0000000008000648                DMA1_Stream3_IRQHandler
                0x0000000008000648                EXTI2_IRQHandler
                0x0000000008000648                TIM8_CC_IRQHandler
                0x0000000008000648                FMPI2C1_EV_IRQHandler
                0x0000000008000648                SPI4_IRQHandler
                0x0000000008000648                TIM1_CC_IRQHandler
                0x0000000008000648                DMA2_Stream5_IRQHandler
                0x0000000008000648                DMA1_Stream5_IRQHandler
                0x0000000008000648                PVD_IRQHandler
                0x0000000008000648                SDIO_IRQHandler
                0x0000000008000648                TAMP_STAMP_IRQHandler
                0x0000000008000648                CAN2_RX1_IRQHandler
                0x0000000008000648                EXTI3_IRQHandler
                0x0000000008000648                TIM8_TRG_COM_TIM14_IRQHandler
                0x0000000008000648                TIM1_UP_TIM10_IRQHandler
                0x0000000008000648                TIM8_UP_TIM13_IRQHandler
                0x0000000008000648                I2C3_ER_IRQHandler
                0x0000000008000648                EXTI0_IRQHandler
                0x0000000008000648                I2C2_EV_IRQHandler
                0x0000000008000648                DMA1_Stream2_IRQHandler
                0x0000000008000648                CAN1_RX0_IRQHandler
                0x0000000008000648                FPU_IRQHandler
                0x0000000008000648                OTG_HS_WKUP_IRQHandler
                0x0000000008000648                CAN2_SCE_IRQHandler
                0x0000000008000648                DMA2_Stream2_IRQHandler
                0x0000000008000648                SPI1_IRQHandler
                0x0000000008000648                TIM6_DAC_IRQHandler
                0x0000000008000648                TIM1_BRK_TIM9_IRQHandler
                0x0000000008000648                DCMI_IRQHandler
                0x0000000008000648                CAN2_RX0_IRQHandler
                0x0000000008000648                DMA2_Stream3_IRQHandler
                0x0000000008000648                SAI2_IRQHandler
                0x0000000008000648                USART6_IRQHandler
                0x0000000008000648                USART3_IRQHandler
                0x0000000008000648                CAN1_RX1_IRQHandler
                0x0000000008000648                UART5_IRQHandler
                0x0000000008000648                DMA2_Stream0_IRQHandler
                0x0000000008000648                TIM4_IRQHandler
                0x0000000008000648                QUADSPI_IRQHandler
                0x0000000008000648                I2C1_EV_IRQHandler
                0x0000000008000648                DMA1_Stream6_IRQHandler
                0x0000000008000648                DMA1_Stream1_IRQHandler
                0x0000000008000648                UART4_IRQHandler
                0x0000000008000648                TIM3_IRQHandler
                0x0000000008000648                RCC_IRQHandler
                0x0000000008000648                TIM8_BRK_TIM12_IRQHandler
                0x0000000008000648                Default_Handler
                0x0000000008000648                CEC_IRQHandler
                0x0000000008000648                EXTI15_10_IRQHandler
                0x0000000008000648                ADC_IRQHandler
                0x0000000008000648                DMA1_Stream7_IRQHandler
                0x0000000008000648                TIM7_IRQHandler
                0x0000000008000648                CAN2_TX_IRQHandler
                0x0000000008000648                TIM5_IRQHandler
                0x0000000008000648                DMA2_Stream7_IRQHandler
                0x0000000008000648                I2C3_EV_IRQHandler
                0x0000000008000648                EXTI9_5_IRQHandler
                0x0000000008000648                RTC_WKUP_IRQHandler
                0x0000000008000648                SPDIF_RX_IRQHandler
                0x0000000008000648                SPI2_IRQHandler
                0x0000000008000648                OTG_HS_EP1_IN_IRQHandler
                0x0000000008000648                DMA1_Stream0_IRQHandler
                0x0000000008000648                CAN1_TX_IRQHandler
                0x0000000008000648                FMPI2C1_ER_IRQHandler
                0x0000000008000648                EXTI4_IRQHandler
                0x0000000008000648                OTG_HS_EP1_OUT_IRQHandler
                0x0000000008000648                WWDG_IRQHandler
                0x0000000008000648                TIM2_IRQHandler
                0x0000000008000648                OTG_FS_WKUP_IRQHandler
                0x0000000008000648                TIM1_TRG_COM_TIM11_IRQHandler
                0x0000000008000648                OTG_HS_IRQHandler
                0x0000000008000648                EXTI1_IRQHandler
                0x0000000008000648                USART2_IRQHandler
                0x0000000008000648                I2C2_ER_IRQHandler
                0x0000000008000648                DMA2_Stream1_IRQHandler
                0x0000000008000648                CAN1_SCE_IRQHandler
                0x0000000008000648                FLASH_IRQHandler
                0x0000000008000648                DMA2_Stream4_IRQHandler
                0x0000000008000648                USART1_IRQHandler
                0x0000000008000648                OTG_FS_IRQHandler
                0x0000000008000648                SPI3_IRQHandler
                0x0000000008000648                DMA1_Stream4_IRQHandler
                0x0000000008000648                I2C1_ER_IRQHandler
                0x0000000008000648                FMC_IRQHandler
                0x0000000008000648                DMA2_Stream6_IRQHandler
                0x0000000008000648                SAI1_IRQHandler
                0x0000000008000648                RTC_Alarm_IRQHandler
 *fill*         0x000000000800064a        0x2 
 .text.HAL_InitTick
                0x000000000800064c       0x4c CMakeFiles/Downer.elf.dir/Drivers/STM32F4xx_HAL_Driver/Src/stm32f4xx_hal.c.obj
                0x000000000800064c                HAL_InitTick
 .text.HAL_Init
                0x0000000008000698       0x34 CMakeFiles/Downer.elf.dir/Drivers/STM32F4xx_HAL_Driver/Src/stm32f4xx_hal.c.obj
                0x0000000008000698                HAL_Init
 .text.HAL_IncTick
                0x00000000080006cc       0x18 CMakeFiles/Downer.elf.dir/Drivers/STM32F4xx_HAL_Driver/Src/stm32f4xx_hal.c.obj
                0x00000000080006cc                HAL_IncTick
 .text.HAL_GetTick
                0x00000000080006e4        0xc CMakeFiles/Downer.elf.dir/Drivers/STM32F4xx_HAL_Driver/Src/stm32f4xx_hal.c.obj
                0x00000000080006e4                HAL_GetTick
 .text.HAL_NVIC_SetPriorityGrouping
                0x00000000080006f0       0x24 CMakeFiles/Downer.elf.dir/Drivers/STM32F4xx_HAL_Driver/Src/stm32f4xx_hal_cortex.c.obj
                0x00000000080006f0                HAL_NVIC_SetPriorityGrouping
 .text.HAL_NVIC_SetPriority
                0x0000000008000714       0x70 CMakeFiles/Downer.elf.dir/Drivers/STM32F4xx_HAL_Driver/Src/stm32f4xx_hal_cortex.c.obj
                0x0000000008000714                HAL_NVIC_SetPriority
 .text.HAL_SYSTICK_Config
                0x0000000008000784       0x28 CMakeFiles/Downer.elf.dir/Drivers/STM32F4xx_HAL_Driver/Src/stm32f4xx_hal_cortex.c.obj
                0x0000000008000784                HAL_SYSTICK_Config
 .text.HAL_RCC_ClockConfig
                0x00000000080007ac      0x160 CMakeFiles/Downer.elf.dir/Drivers/STM32F4xx_HAL_Driver/Src/stm32f4xx_hal_rcc.c.obj
                0x00000000080007ac                HAL_RCC_ClockConfig
 .text.HAL_RCC_GetSysClockFreq
                0x000000000800090c      0x120 CMakeFiles/Downer.elf.dir/Drivers/STM32F4xx_HAL_Driver/Src/stm32f4xx_hal_rcc_ex.c.obj
                0x000000000800090c                HAL_RCC_GetSysClockFreq
 .text.HAL_RCC_OscConfig
                0x0000000008000a2c      0x444 CMakeFiles/Downer.elf.dir/Drivers/STM32F4xx_HAL_Driver/Src/stm32f4xx_hal_rcc_ex.c.obj
                0x0000000008000a2c                HAL_RCC_OscConfig
 .text.__libc_init_array
                0x0000000008000e70       0x48 /opt/homebrew/Cellar/arm-none-eabi-gcc/10.3-2021.07/gcc/bin/../lib/gcc/arm-none-eabi/10.3.1/../../../../arm-none-eabi/lib/thumb/v7e-m/nofp/libg.a(lib_a-init.o)
                0x0000000008000e70                __libc_init_array
 .text.memset   0x0000000008000eb8       0xa4 /opt/homebrew/Cellar/arm-none-eabi-gcc/10.3-2021.07/gcc/bin/../lib/gcc/arm-none-eabi/10.3.1/../../../../arm-none-eabi/lib/thumb/v7e-m/nofp/libg.a(lib_a-memset.o)
                0x0000000008000eb8                memset
 .text.startup.register_fini
                0x0000000008000f5c       0x14 /opt/homebrew/Cellar/arm-none-eabi-gcc/10.3-2021.07/gcc/bin/../lib/gcc/arm-none-eabi/10.3.1/../../../../arm-none-eabi/lib/thumb/v7e-m/nofp/libg.a(lib_a-__call_atexit.o)
 .text.atexit   0x0000000008000f70        0xc /opt/homebrew/Cellar/arm-none-eabi-gcc/10.3-2021.07/gcc/bin/../lib/gcc/arm-none-eabi/10.3.1/../../../../arm-none-eabi/lib/thumb/v7e-m/nofp/libg.a(lib_a-atexit.o)
                0x0000000008000f70                atexit
 .text.__libc_fini_array
                0x0000000008000f7c       0x2c /opt/homebrew/Cellar/arm-none-eabi-gcc/10.3-2021.07/gcc/bin/../lib/gcc/arm-none-eabi/10.3.1/../../../../arm-none-eabi/lib/thumb/v7e-m/nofp/libg.a(lib_a-fini.o)
                0x0000000008000f7c                __libc_fini_array
 .text.__retarget_lock_acquire_recursive
                0x0000000008000fa8        0x4 /opt/homebrew/Cellar/arm-none-eabi-gcc/10.3-2021.07/gcc/bin/../lib/gcc/arm-none-eabi/10.3.1/../../../../arm-none-eabi/lib/thumb/v7e-m/nofp/libg.a(lib_a-lock.o)
                0x0000000008000fa8                __retarget_lock_acquire_recursive
 .text.__retarget_lock_release_recursive
                0x0000000008000fac        0x4 /opt/homebrew/Cellar/arm-none-eabi-gcc/10.3-2021.07/gcc/bin/../lib/gcc/arm-none-eabi/10.3.1/../../../../arm-none-eabi/lib/thumb/v7e-m/nofp/libg.a(lib_a-lock.o)
                0x0000000008000fac                __retarget_lock_release_recursive
 .text.__register_exitproc
                0x0000000008000fb0       0x8c /opt/homebrew/Cellar/arm-none-eabi-gcc/10.3-2021.07/gcc/bin/../lib/gcc/arm-none-eabi/10.3.1/../../../../arm-none-eabi/lib/thumb/v7e-m/nofp/libg.a(lib_a-__atexit.o)
                0x0000000008000fb0                __register_exitproc
 *(.glue_7)
 .glue_7        0x000000000800103c        0x0 linker stubs
 *(.glue_7t)
 .glue_7t       0x000000000800103c        0x0 linker stubs
 *(.eh_frame)
 .eh_frame      0x000000000800103c        0x0 /opt/homebrew/Cellar/arm-none-eabi-gcc/10.3-2021.07/gcc/bin/../lib/gcc/arm-none-eabi/10.3.1/thumb/v7e-m/nofp/crtbegin.o
 *(.init)
 .init          0x000000000800103c        0x4 /opt/homebrew/Cellar/arm-none-eabi-gcc/10.3-2021.07/gcc/bin/../lib/gcc/arm-none-eabi/10.3.1/thumb/v7e-m/nofp/crti.o
                0x000000000800103c                _init
 .init          0x0000000008001040        0x8 /opt/homebrew/Cellar/arm-none-eabi-gcc/10.3-2021.07/gcc/bin/../lib/gcc/arm-none-eabi/10.3.1/thumb/v7e-m/nofp/crtn.o
 *(.fini)
 .fini          0x0000000008001048        0x4 /opt/homebrew/Cellar/arm-none-eabi-gcc/10.3-2021.07/gcc/bin/../lib/gcc/arm-none-eabi/10.3.1/thumb/v7e-m/nofp/crti.o
                0x0000000008001048                _fini
 .fini          0x000000000800104c        0x8 /opt/homebrew/Cellar/arm-none-eabi-gcc/10.3-2021.07/gcc/bin/../lib/gcc/arm-none-eabi/10.3.1/thumb/v7e-m/nofp/crtn.o
                0x0000000008001054                . = ALIGN (0x4)
                0x0000000008001054                _etext = .

.vfp11_veneer   0x0000000008001054        0x0
 .vfp11_veneer  0x0000000008001054        0x0 linker stubs

.v4_bx          0x0000000008001054        0x0
 .v4_bx         0x0000000008001054        0x0 linker stubs

.iplt           0x0000000008001054        0x0
 .iplt          0x0000000008001054        0x0 /opt/homebrew/Cellar/arm-none-eabi-gcc/10.3-2021.07/gcc/bin/../lib/gcc/arm-none-eabi/10.3.1/thumb/v7e-m/nofp/crtbegin.o

.rodata         0x0000000008001054       0x14
                0x0000000008001054                . = ALIGN (0x4)
 *(.rodata)
 *(.rodata*)
 .rodata.AHBPrescTable
                0x0000000008001054       0x10 CMakeFiles/Downer.elf.dir/Core/Src/system_stm32f4xx.c.obj
                0x0000000008001054                AHBPrescTable
 .rodata._global_impure_ptr
                0x0000000008001064        0x4 /opt/homebrew/Cellar/arm-none-eabi-gcc/10.3-2021.07/gcc/bin/../lib/gcc/arm-none-eabi/10.3.1/../../../../arm-none-eabi/lib/thumb/v7e-m/nofp/libg.a(lib_a-impure.o)
                0x0000000008001064                _global_impure_ptr
                0x0000000008001068                . = ALIGN (0x4)

.ARM.extab      0x0000000008001068        0x0
                0x0000000008001068                . = ALIGN (0x4)
 *(.ARM.extab* .gnu.linkonce.armextab.*)
                0x0000000008001068                . = ALIGN (0x4)

.ARM            0x0000000008001068        0x8
                0x0000000008001068                . = ALIGN (0x4)
                0x0000000008001068                __exidx_start = .
 *(.ARM.exidx*)
 .ARM.exidx     0x0000000008001068        0x8 /opt/homebrew/Cellar/arm-none-eabi-gcc/10.3-2021.07/gcc/bin/../lib/gcc/arm-none-eabi/10.3.1/thumb/v7e-m/nofp/libgcc.a(_udivmoddi4.o)
                0x0000000008001070                __exidx_end = .
                0x0000000008001070                . = ALIGN (0x4)

.rel.dyn        0x0000000008001070        0x0
 .rel.iplt      0x0000000008001070        0x0 /opt/homebrew/Cellar/arm-none-eabi-gcc/10.3-2021.07/gcc/bin/../lib/gcc/arm-none-eabi/10.3.1/thumb/v7e-m/nofp/crtbegin.o

.preinit_array  0x0000000008001070        0x0
                0x0000000008001070                . = ALIGN (0x4)
                0x0000000008001070                PROVIDE (__preinit_array_start = .)
 *(.preinit_array*)
                0x0000000008001070                PROVIDE (__preinit_array_end = .)
                0x0000000008001070                . = ALIGN (0x4)

.init_array     0x0000000008001070        0x8
                0x0000000008001070                . = ALIGN (0x4)
                0x0000000008001070                PROVIDE (__init_array_start = .)
 *(SORT_BY_NAME(.init_array.*))
 .init_array.00000
                0x0000000008001070        0x4 /opt/homebrew/Cellar/arm-none-eabi-gcc/10.3-2021.07/gcc/bin/../lib/gcc/arm-none-eabi/10.3.1/../../../../arm-none-eabi/lib/thumb/v7e-m/nofp/libg.a(lib_a-__call_atexit.o)
 *(.init_array*)
 .init_array    0x0000000008001074        0x4 /opt/homebrew/Cellar/arm-none-eabi-gcc/10.3-2021.07/gcc/bin/../lib/gcc/arm-none-eabi/10.3.1/thumb/v7e-m/nofp/crtbegin.o
                0x0000000008001078                PROVIDE (__init_array_end = .)
                0x0000000008001078                . = ALIGN (0x4)

.fini_array     0x0000000008001078        0x4
                0x0000000008001078                . = ALIGN (0x4)
                0x0000000008001078                PROVIDE (__fini_array_start = .)
 *(SORT_BY_NAME(.fini_array.*))
 *(.fini_array*)
 .fini_array    0x0000000008001078        0x4 /opt/homebrew/Cellar/arm-none-eabi-gcc/10.3-2021.07/gcc/bin/../lib/gcc/arm-none-eabi/10.3.1/thumb/v7e-m/nofp/crtbegin.o
                0x000000000800107c                PROVIDE (__fini_array_end = .)
                0x000000000800107c                . = ALIGN (0x4)
                0x000000000800107c                _sidata = LOADADDR (.data)

.data           0x0000000020000000      0x43c load address 0x000000000800107c
                0x0000000020000000                . = ALIGN (0x4)
                0x0000000020000000                _sdata = .
 *(.data)
 *(.data*)
 .data.SystemCoreClock
                0x0000000020000000        0x4 CMakeFiles/Downer.elf.dir/Core/Src/system_stm32f4xx.c.obj
                0x0000000020000000                SystemCoreClock
 .data.uwTickFreq
                0x0000000020000004        0x1 CMakeFiles/Downer.elf.dir/Drivers/STM32F4xx_HAL_Driver/Src/stm32f4xx_hal.c.obj
                0x0000000020000004                uwTickFreq
 *fill*         0x0000000020000005        0x3 
 .data.uwTickPrio
                0x0000000020000008        0x4 CMakeFiles/Downer.elf.dir/Drivers/STM32F4xx_HAL_Driver/Src/stm32f4xx_hal.c.obj
                0x0000000020000008                uwTickPrio
 *fill*         0x000000002000000c        0x4 
 .data.impure_data
                0x0000000020000010      0x428 /opt/homebrew/Cellar/arm-none-eabi-gcc/10.3-2021.07/gcc/bin/../lib/gcc/arm-none-eabi/10.3.1/../../../../arm-none-eabi/lib/thumb/v7e-m/nofp/libg.a(lib_a-impure.o)
 .data.__atexit_recursive_mutex
                0x0000000020000438        0x4 /opt/homebrew/Cellar/arm-none-eabi-gcc/10.3-2021.07/gcc/bin/../lib/gcc/arm-none-eabi/10.3.1/../../../../arm-none-eabi/lib/thumb/v7e-m/nofp/libg.a(lib_a-__call_atexit.o)
                0x0000000020000438                __atexit_recursive_mutex
 *(.RamFunc)
 *(.RamFunc*)
                0x000000002000043c                . = ALIGN (0x4)
                0x000000002000043c                _edata = .

.igot.plt       0x000000002000043c        0x0 load address 0x00000000080014b8
 .igot.plt      0x000000002000043c        0x0 /opt/homebrew/Cellar/arm-none-eabi-gcc/10.3-2021.07/gcc/bin/../lib/gcc/arm-none-eabi/10.3.1/thumb/v7e-m/nofp/crtbegin.o
                0x000000002000043c                . = ALIGN (0x4)

.bss            0x000000002000043c       0x24 load address 0x00000000080014b8
                0x000000002000043c                _sbss = .
                0x000000002000043c                __bss_start__ = _sbss
 *(.bss)
 .bss           0x000000002000043c       0x1c /opt/homebrew/Cellar/arm-none-eabi-gcc/10.3-2021.07/gcc/bin/../lib/gcc/arm-none-eabi/10.3.1/thumb/v7e-m/nofp/crtbegin.o
 *(.bss*)
 .bss.uwTick    0x0000000020000458        0x4 CMakeFiles/Downer.elf.dir/Drivers/STM32F4xx_HAL_Driver/Src/stm32f4xx_hal.c.obj
                0x0000000020000458                uwTick
 .bss.__lock___atexit_recursive_mutex
                0x000000002000045c        0x1 /opt/homebrew/Cellar/arm-none-eabi-gcc/10.3-2021.07/gcc/bin/../lib/gcc/arm-none-eabi/10.3.1/../../../../arm-none-eabi/lib/thumb/v7e-m/nofp/libg.a(lib_a-lock.o)
                0x000000002000045c                __lock___atexit_recursive_mutex
 *(COMMON)
                0x0000000020000460                . = ALIGN (0x4)
 *fill*         0x000000002000045d        0x3 
                0x0000000020000460                _ebss = .
                0x0000000020000460                __bss_end__ = _ebss

._user_heap_stack
                0x0000000020000460      0x600 load address 0x00000000080014b8
                0x0000000020000460                . = ALIGN (0x8)
                [!provide]                        PROVIDE (end = .)
                0x0000000020000460                PROVIDE (_end = .)
                0x0000000020000660                . = (. + _Min_Heap_Size)
 *fill*         0x0000000020000460      0x200 
                0x0000000020000a60                . = (. + _Min_Stack_Size)
 *fill*         0x0000000020000660      0x400 
                0x0000000020000a60                . = ALIGN (0x8)

/DISCARD/
 libc.a(*)
 libm.a(*)
 libgcc.a(*)

.ARM.attributes
                0x0000000000000000       0x2a
 *(.ARM.attributes)
 .ARM.attributes
                0x0000000000000000       0x1e /opt/homebrew/Cellar/arm-none-eabi-gcc/10.3-2021.07/gcc/bin/../lib/gcc/arm-none-eabi/10.3.1/thumb/v7e-m/nofp/crti.o
 .ARM.attributes
                0x000000000000001e       0x2e /opt/homebrew/Cellar/arm-none-eabi-gcc/10.3-2021.07/gcc/bin/../lib/gcc/arm-none-eabi/10.3.1/thumb/v7e-m/nofp/crtbegin.o
 .ARM.attributes
                0x000000000000004c       0x2e CMakeFiles/Downer.elf.dir/Core/Src/main.c.obj
 .ARM.attributes
                0x000000000000007a       0x2e CMakeFiles/Downer.elf.dir/Core/Src/stm32f4xx_hal_msp.c.obj
 .ARM.attributes
                0x00000000000000a8       0x2e CMakeFiles/Downer.elf.dir/Core/Src/stm32f4xx_it.c.obj
 .ARM.attributes
                0x00000000000000d6       0x2e CMakeFiles/Downer.elf.dir/Core/Src/system_stm32f4xx.c.obj
 .ARM.attributes
                0x0000000000000104       0x21 CMakeFiles/Downer.elf.dir/Core/Startup/startup_stm32f446retx.s.obj
 .ARM.attributes
                0x0000000000000125       0x2e CMakeFiles/Downer.elf.dir/Drivers/STM32F4xx_HAL_Driver/Src/stm32f4xx_hal.c.obj
 .ARM.attributes
                0x0000000000000153       0x2e CMakeFiles/Downer.elf.dir/Drivers/STM32F4xx_HAL_Driver/Src/stm32f4xx_hal_cortex.c.obj
 .ARM.attributes
                0x0000000000000181       0x2e CMakeFiles/Downer.elf.dir/Drivers/STM32F4xx_HAL_Driver/Src/stm32f4xx_hal_rcc.c.obj
 .ARM.attributes
                0x00000000000001af       0x2e CMakeFiles/Downer.elf.dir/Drivers/STM32F4xx_HAL_Driver/Src/stm32f4xx_hal_rcc_ex.c.obj
 .ARM.attributes
                0x00000000000001dd       0x1e /opt/homebrew/Cellar/arm-none-eabi-gcc/10.3-2021.07/gcc/bin/../lib/gcc/arm-none-eabi/10.3.1/thumb/v7e-m/nofp/libgcc.a(_aeabi_uldivmod.o)
 .ARM.attributes
                0x00000000000001fb       0x2e /opt/homebrew/Cellar/arm-none-eabi-gcc/10.3-2021.07/gcc/bin/../lib/gcc/arm-none-eabi/10.3.1/thumb/v7e-m/nofp/libgcc.a(_udivmoddi4.o)
 .ARM.attributes
                0x0000000000000229       0x1e /opt/homebrew/Cellar/arm-none-eabi-gcc/10.3-2021.07/gcc/bin/../lib/gcc/arm-none-eabi/10.3.1/thumb/v7e-m/nofp/libgcc.a(_dvmd_tls.o)
 .ARM.attributes
                0x0000000000000247       0x2e /opt/homebrew/Cellar/arm-none-eabi-gcc/10.3-2021.07/gcc/bin/../lib/gcc/arm-none-eabi/10.3.1/../../../../arm-none-eabi/lib/thumb/v7e-m/nofp/libg.a(lib_a-impure.o)
 .ARM.attributes
                0x0000000000000275       0x2e /opt/homebrew/Cellar/arm-none-eabi-gcc/10.3-2021.07/gcc/bin/../lib/gcc/arm-none-eabi/10.3.1/../../../../arm-none-eabi/lib/thumb/v7e-m/nofp/libg.a(lib_a-init.o)
 .ARM.attributes
                0x00000000000002a3       0x2e /opt/homebrew/Cellar/arm-none-eabi-gcc/10.3-2021.07/gcc/bin/../lib/gcc/arm-none-eabi/10.3.1/../../../../arm-none-eabi/lib/thumb/v7e-m/nofp/libg.a(lib_a-memset.o)
 .ARM.attributes
                0x00000000000002d1       0x2e /opt/homebrew/Cellar/arm-none-eabi-gcc/10.3-2021.07/gcc/bin/../lib/gcc/arm-none-eabi/10.3.1/../../../../arm-none-eabi/lib/thumb/v7e-m/nofp/libg.a(lib_a-__call_atexit.o)
 .ARM.attributes
                0x00000000000002ff       0x2e /opt/homebrew/Cellar/arm-none-eabi-gcc/10.3-2021.07/gcc/bin/../lib/gcc/arm-none-eabi/10.3.1/../../../../arm-none-eabi/lib/thumb/v7e-m/nofp/libg.a(lib_a-atexit.o)
 .ARM.attributes
                0x000000000000032d       0x2e /opt/homebrew/Cellar/arm-none-eabi-gcc/10.3-2021.07/gcc/bin/../lib/gcc/arm-none-eabi/10.3.1/../../../../arm-none-eabi/lib/thumb/v7e-m/nofp/libg.a(lib_a-fini.o)
 .ARM.attributes
                0x000000000000035b       0x2e /opt/homebrew/Cellar/arm-none-eabi-gcc/10.3-2021.07/gcc/bin/../lib/gcc/arm-none-eabi/10.3.1/../../../../arm-none-eabi/lib/thumb/v7e-m/nofp/libg.a(lib_a-lock.o)
 .ARM.attributes
                0x0000000000000389       0x2e /opt/homebrew/Cellar/arm-none-eabi-gcc/10.3-2021.07/gcc/bin/../lib/gcc/arm-none-eabi/10.3.1/../../../../arm-none-eabi/lib/thumb/v7e-m/nofp/libg.a(lib_a-__atexit.o)
 .ARM.attributes
                0x00000000000003b7       0x1e /opt/homebrew/Cellar/arm-none-eabi-gcc/10.3-2021.07/gcc/bin/../lib/gcc/arm-none-eabi/10.3.1/thumb/v7e-m/nofp/crtn.o
OUTPUT(Downer.elf elf32-littlearm)
LOAD linker stubs
LOAD /opt/homebrew/Cellar/arm-none-eabi-gcc/10.3-2021.07/gcc/bin/../lib/gcc/arm-none-eabi/10.3.1/../../../../arm-none-eabi/lib/thumb/v7e-m/nofp/libc.a
LOAD /opt/homebrew/Cellar/arm-none-eabi-gcc/10.3-2021.07/gcc/bin/../lib/gcc/arm-none-eabi/10.3.1/../../../../arm-none-eabi/lib/thumb/v7e-m/nofp/libm.a
LOAD /opt/homebrew/Cellar/arm-none-eabi-gcc/10.3-2021.07/gcc/bin/../lib/gcc/arm-none-eabi/10.3.1/thumb/v7e-m/nofp/libgcc.a

.debug_info     0x0000000000000000     0x40ab
 .debug_info    0x0000000000000000      0x5a2 CMakeFiles/Downer.elf.dir/Core/Src/main.c.obj
 .debug_info    0x00000000000005a2      0x2dc CMakeFiles/Downer.elf.dir/Core/Src/stm32f4xx_hal_msp.c.obj
 .debug_info    0x000000000000087e      0x12f CMakeFiles/Downer.elf.dir/Core/Src/stm32f4xx_it.c.obj
 .debug_info    0x00000000000009ad      0x3b5 CMakeFiles/Downer.elf.dir/Core/Src/system_stm32f4xx.c.obj
 .debug_info    0x0000000000000d62       0x22 CMakeFiles/Downer.elf.dir/Core/Startup/startup_stm32f446retx.s.obj
 .debug_info    0x0000000000000d84      0xa46 CMakeFiles/Downer.elf.dir/Drivers/STM32F4xx_HAL_Driver/Src/stm32f4xx_hal.c.obj
 .debug_info    0x00000000000017ca     0x10b6 CMakeFiles/Downer.elf.dir/Drivers/STM32F4xx_HAL_Driver/Src/stm32f4xx_hal_cortex.c.obj
 .debug_info    0x0000000000002880      0xb48 CMakeFiles/Downer.elf.dir/Drivers/STM32F4xx_HAL_Driver/Src/stm32f4xx_hal_rcc.c.obj
 .debug_info    0x00000000000033c8      0xce3 CMakeFiles/Downer.elf.dir/Drivers/STM32F4xx_HAL_Driver/Src/stm32f4xx_hal_rcc_ex.c.obj

.debug_abbrev   0x0000000000000000      0xe49
 .debug_abbrev  0x0000000000000000      0x1b7 CMakeFiles/Downer.elf.dir/Core/Src/main.c.obj
 .debug_abbrev  0x00000000000001b7       0xd1 CMakeFiles/Downer.elf.dir/Core/Src/stm32f4xx_hal_msp.c.obj
 .debug_abbrev  0x0000000000000288       0x7e CMakeFiles/Downer.elf.dir/Core/Src/stm32f4xx_it.c.obj
 .debug_abbrev  0x0000000000000306      0x119 CMakeFiles/Downer.elf.dir/Core/Src/system_stm32f4xx.c.obj
 .debug_abbrev  0x000000000000041f       0x12 CMakeFiles/Downer.elf.dir/Core/Startup/startup_stm32f446retx.s.obj
 .debug_abbrev  0x0000000000000431      0x206 CMakeFiles/Downer.elf.dir/Drivers/STM32F4xx_HAL_Driver/Src/stm32f4xx_hal.c.obj
 .debug_abbrev  0x0000000000000637      0x36a CMakeFiles/Downer.elf.dir/Drivers/STM32F4xx_HAL_Driver/Src/stm32f4xx_hal_cortex.c.obj
 .debug_abbrev  0x00000000000009a1      0x28a CMakeFiles/Downer.elf.dir/Drivers/STM32F4xx_HAL_Driver/Src/stm32f4xx_hal_rcc.c.obj
 .debug_abbrev  0x0000000000000c2b      0x21e CMakeFiles/Downer.elf.dir/Drivers/STM32F4xx_HAL_Driver/Src/stm32f4xx_hal_rcc_ex.c.obj

.debug_aranges  0x0000000000000000      0x398
 .debug_aranges
                0x0000000000000000       0x30 CMakeFiles/Downer.elf.dir/Core/Src/main.c.obj
 .debug_aranges
                0x0000000000000030       0x20 CMakeFiles/Downer.elf.dir/Core/Src/stm32f4xx_hal_msp.c.obj
 .debug_aranges
                0x0000000000000050       0x60 CMakeFiles/Downer.elf.dir/Core/Src/stm32f4xx_it.c.obj
 .debug_aranges
                0x00000000000000b0       0x28 CMakeFiles/Downer.elf.dir/Core/Src/system_stm32f4xx.c.obj
 .debug_aranges
                0x00000000000000d8       0x28 CMakeFiles/Downer.elf.dir/Core/Startup/startup_stm32f446retx.s.obj
 .debug_aranges
                0x0000000000000100       0xf0 CMakeFiles/Downer.elf.dir/Drivers/STM32F4xx_HAL_Driver/Src/stm32f4xx_hal.c.obj
 .debug_aranges
                0x00000000000001f0       0xa8 CMakeFiles/Downer.elf.dir/Drivers/STM32F4xx_HAL_Driver/Src/stm32f4xx_hal_cortex.c.obj
 .debug_aranges
                0x0000000000000298       0x88 CMakeFiles/Downer.elf.dir/Drivers/STM32F4xx_HAL_Driver/Src/stm32f4xx_hal_rcc.c.obj
 .debug_aranges
                0x0000000000000320       0x78 CMakeFiles/Downer.elf.dir/Drivers/STM32F4xx_HAL_Driver/Src/stm32f4xx_hal_rcc_ex.c.obj

.debug_ranges   0x0000000000000000      0x3a0
 .debug_ranges  0x0000000000000000       0x20 CMakeFiles/Downer.elf.dir/Core/Src/main.c.obj
 .debug_ranges  0x0000000000000020       0x10 CMakeFiles/Downer.elf.dir/Core/Src/stm32f4xx_hal_msp.c.obj
 .debug_ranges  0x0000000000000030       0x50 CMakeFiles/Downer.elf.dir/Core/Src/stm32f4xx_it.c.obj
 .debug_ranges  0x0000000000000080       0x18 CMakeFiles/Downer.elf.dir/Core/Src/system_stm32f4xx.c.obj
 .debug_ranges  0x0000000000000098       0x20 CMakeFiles/Downer.elf.dir/Core/Startup/startup_stm32f446retx.s.obj
 .debug_ranges  0x00000000000000b8       0xe0 CMakeFiles/Downer.elf.dir/Drivers/STM32F4xx_HAL_Driver/Src/stm32f4xx_hal.c.obj
 .debug_ranges  0x0000000000000198       0xf8 CMakeFiles/Downer.elf.dir/Drivers/STM32F4xx_HAL_Driver/Src/stm32f4xx_hal_cortex.c.obj
 .debug_ranges  0x0000000000000290       0x90 CMakeFiles/Downer.elf.dir/Drivers/STM32F4xx_HAL_Driver/Src/stm32f4xx_hal_rcc.c.obj
 .debug_ranges  0x0000000000000320       0x80 CMakeFiles/Downer.elf.dir/Drivers/STM32F4xx_HAL_Driver/Src/stm32f4xx_hal_rcc_ex.c.obj

.debug_line     0x0000000000000000     0x383e
 .debug_line    0x0000000000000000      0x382 CMakeFiles/Downer.elf.dir/Core/Src/main.c.obj
 .debug_line    0x0000000000000382      0x1ba CMakeFiles/Downer.elf.dir/Core/Src/stm32f4xx_hal_msp.c.obj
 .debug_line    0x000000000000053c      0x1cd CMakeFiles/Downer.elf.dir/Core/Src/stm32f4xx_it.c.obj
 .debug_line    0x0000000000000709      0x283 CMakeFiles/Downer.elf.dir/Core/Src/system_stm32f4xx.c.obj
 .debug_line    0x000000000000098c       0xb0 CMakeFiles/Downer.elf.dir/Core/Startup/startup_stm32f446retx.s.obj
 .debug_line    0x0000000000000a3c      0x61b CMakeFiles/Downer.elf.dir/Drivers/STM32F4xx_HAL_Driver/Src/stm32f4xx_hal.c.obj
 .debug_line    0x0000000000001057      0x82e CMakeFiles/Downer.elf.dir/Drivers/STM32F4xx_HAL_Driver/Src/stm32f4xx_hal_cortex.c.obj
 .debug_line    0x0000000000001885      0xba1 CMakeFiles/Downer.elf.dir/Drivers/STM32F4xx_HAL_Driver/Src/stm32f4xx_hal_rcc.c.obj
 .debug_line    0x0000000000002426     0x1418 CMakeFiles/Downer.elf.dir/Drivers/STM32F4xx_HAL_Driver/Src/stm32f4xx_hal_rcc_ex.c.obj

.debug_str      0x0000000000000000     0x1a31
 .debug_str     0x0000000000000000      0x48a CMakeFiles/Downer.elf.dir/Core/Src/main.c.obj
                                        0x4db (size before relaxing)
 .debug_str     0x000000000000048a       0x54 CMakeFiles/Downer.elf.dir/Core/Src/stm32f4xx_hal_msp.c.obj
                                        0x322 (size before relaxing)
 .debug_str     0x00000000000004de       0xdf CMakeFiles/Downer.elf.dir/Core/Src/stm32f4xx_it.c.obj
                                        0x271 (size before relaxing)
 .debug_str     0x00000000000005bd       0xaf CMakeFiles/Downer.elf.dir/Core/Src/system_stm32f4xx.c.obj
                                        0x388 (size before relaxing)
 .debug_str     0x000000000000066c       0x5e CMakeFiles/Downer.elf.dir/Core/Startup/startup_stm32f446retx.s.obj
                                         0x9b (size before relaxing)
 .debug_str     0x00000000000006ca      0x8ba CMakeFiles/Downer.elf.dir/Drivers/STM32F4xx_HAL_Driver/Src/stm32f4xx_hal.c.obj
                                        0xc02 (size before relaxing)
 .debug_str     0x0000000000000f84      0x4f1 CMakeFiles/Downer.elf.dir/Drivers/STM32F4xx_HAL_Driver/Src/stm32f4xx_hal_cortex.c.obj
                                        0xcaf (size before relaxing)
 .debug_str     0x0000000000001475      0x24d CMakeFiles/Downer.elf.dir/Drivers/STM32F4xx_HAL_Driver/Src/stm32f4xx_hal_rcc.c.obj
                                        0x772 (size before relaxing)
 .debug_str     0x00000000000016c2      0x36f CMakeFiles/Downer.elf.dir/Drivers/STM32F4xx_HAL_Driver/Src/stm32f4xx_hal_rcc_ex.c.obj
                                        0x859 (size before relaxing)

.comment        0x0000000000000000       0x49
 .comment       0x0000000000000000       0x49 CMakeFiles/Downer.elf.dir/Core/Src/main.c.obj
                                         0x4a (size before relaxing)
 .comment       0x0000000000000049       0x4a CMakeFiles/Downer.elf.dir/Core/Src/stm32f4xx_hal_msp.c.obj
 .comment       0x0000000000000049       0x4a CMakeFiles/Downer.elf.dir/Core/Src/stm32f4xx_it.c.obj
 .comment       0x0000000000000049       0x4a CMakeFiles/Downer.elf.dir/Core/Src/system_stm32f4xx.c.obj
 .comment       0x0000000000000049       0x4a CMakeFiles/Downer.elf.dir/Drivers/STM32F4xx_HAL_Driver/Src/stm32f4xx_hal.c.obj
 .comment       0x0000000000000049       0x4a CMakeFiles/Downer.elf.dir/Drivers/STM32F4xx_HAL_Driver/Src/stm32f4xx_hal_cortex.c.obj
 .comment       0x0000000000000049       0x4a CMakeFiles/Downer.elf.dir/Drivers/STM32F4xx_HAL_Driver/Src/stm32f4xx_hal_rcc.c.obj
 .comment       0x0000000000000049       0x4a CMakeFiles/Downer.elf.dir/Drivers/STM32F4xx_HAL_Driver/Src/stm32f4xx_hal_rcc_ex.c.obj

.debug_frame    0x0000000000000000      0x990
 .debug_frame   0x0000000000000000       0x58 CMakeFiles/Downer.elf.dir/Core/Src/main.c.obj
 .debug_frame   0x0000000000000058       0x28 CMakeFiles/Downer.elf.dir/Core/Src/stm32f4xx_hal_msp.c.obj
 .debug_frame   0x0000000000000080       0xa8 CMakeFiles/Downer.elf.dir/Core/Src/stm32f4xx_it.c.obj
 .debug_frame   0x0000000000000128       0x30 CMakeFiles/Downer.elf.dir/Core/Src/system_stm32f4xx.c.obj
 .debug_frame   0x0000000000000158      0x1ec CMakeFiles/Downer.elf.dir/Drivers/STM32F4xx_HAL_Driver/Src/stm32f4xx_hal.c.obj
 .debug_frame   0x0000000000000344      0x148 CMakeFiles/Downer.elf.dir/Drivers/STM32F4xx_HAL_Driver/Src/stm32f4xx_hal_cortex.c.obj
 .debug_frame   0x000000000000048c      0x16c CMakeFiles/Downer.elf.dir/Drivers/STM32F4xx_HAL_Driver/Src/stm32f4xx_hal_rcc.c.obj
 .debug_frame   0x00000000000005f8      0x14c CMakeFiles/Downer.elf.dir/Drivers/STM32F4xx_HAL_Driver/Src/stm32f4xx_hal_rcc_ex.c.obj
 .debug_frame   0x0000000000000744       0x2c /opt/homebrew/Cellar/arm-none-eabi-gcc/10.3-2021.07/gcc/bin/../lib/gcc/arm-none-eabi/10.3.1/thumb/v7e-m/nofp/libgcc.a(_aeabi_uldivmod.o)
 .debug_frame   0x0000000000000770       0x34 /opt/homebrew/Cellar/arm-none-eabi-gcc/10.3-2021.07/gcc/bin/../lib/gcc/arm-none-eabi/10.3.1/thumb/v7e-m/nofp/libgcc.a(_udivmoddi4.o)
 .debug_frame   0x00000000000007a4       0x2c /opt/homebrew/Cellar/arm-none-eabi-gcc/10.3-2021.07/gcc/bin/../lib/gcc/arm-none-eabi/10.3.1/../../../../arm-none-eabi/lib/thumb/v7e-m/nofp/libg.a(lib_a-init.o)
 .debug_frame   0x00000000000007d0       0x2c /opt/homebrew/Cellar/arm-none-eabi-gcc/10.3-2021.07/gcc/bin/../lib/gcc/arm-none-eabi/10.3.1/../../../../arm-none-eabi/lib/thumb/v7e-m/nofp/libg.a(lib_a-memset.o)
 .debug_frame   0x00000000000007fc       0x5c /opt/homebrew/Cellar/arm-none-eabi-gcc/10.3-2021.07/gcc/bin/../lib/gcc/arm-none-eabi/10.3.1/../../../../arm-none-eabi/lib/thumb/v7e-m/nofp/libg.a(lib_a-__call_atexit.o)
 .debug_frame   0x0000000000000858       0x20 /opt/homebrew/Cellar/arm-none-eabi-gcc/10.3-2021.07/gcc/bin/../lib/gcc/arm-none-eabi/10.3.1/../../../../arm-none-eabi/lib/thumb/v7e-m/nofp/libg.a(lib_a-atexit.o)
 .debug_frame   0x0000000000000878       0x34 /opt/homebrew/Cellar/arm-none-eabi-gcc/10.3-2021.07/gcc/bin/../lib/gcc/arm-none-eabi/10.3.1/../../../../arm-none-eabi/lib/thumb/v7e-m/nofp/libg.a(lib_a-fini.o)
 .debug_frame   0x00000000000008ac       0xb0 /opt/homebrew/Cellar/arm-none-eabi-gcc/10.3-2021.07/gcc/bin/../lib/gcc/arm-none-eabi/10.3.1/../../../../arm-none-eabi/lib/thumb/v7e-m/nofp/libg.a(lib_a-lock.o)
 .debug_frame   0x000000000000095c       0x34 /opt/homebrew/Cellar/arm-none-eabi-gcc/10.3-2021.07/gcc/bin/../lib/gcc/arm-none-eabi/10.3.1/../../../../arm-none-eabi/lib/thumb/v7e-m/nofp/libg.a(lib_a-__atexit.o)

.debug_loc      0x0000000000000000     0x1e14
 .debug_loc     0x0000000000000000      0x158 CMakeFiles/Downer.elf.dir/Core/Src/system_stm32f4xx.c.obj
 .debug_loc     0x0000000000000158      0x141 CMakeFiles/Downer.elf.dir/Drivers/STM32F4xx_HAL_Driver/Src/stm32f4xx_hal.c.obj
 .debug_loc     0x0000000000000299      0x744 CMakeFiles/Downer.elf.dir/Drivers/STM32F4xx_HAL_Driver/Src/stm32f4xx_hal_cortex.c.obj
 .debug_loc     0x00000000000009dd      0x58c CMakeFiles/Downer.elf.dir/Drivers/STM32F4xx_HAL_Driver/Src/stm32f4xx_hal_rcc.c.obj
 .debug_loc     0x0000000000000f69      0xeab CMakeFiles/Downer.elf.dir/Drivers/STM32F4xx_HAL_Driver/Src/stm32f4xx_hal_rcc_ex.c.obj
