Archive member included to satisfy reference by file (symbol)

/opt/homebrew/Cellar/arm-none-eabi-gcc/10.3-2021.07/gcc/bin/../lib/gcc/arm-none-eabi/10.3.1/thumb/v6-m/nofp/libgcc.a(_udivsi3.o)
                              CMakeFiles/Basic.elf.dir/Core/Src/system_stm32f0xx.c.obj (__aeabi_uidiv)
/opt/homebrew/Cellar/arm-none-eabi-gcc/10.3-2021.07/gcc/bin/../lib/gcc/arm-none-eabi/10.3.1/thumb/v6-m/nofp/libgcc.a(_dvmd_tls.o)
                              /opt/homebrew/Cellar/arm-none-eabi-gcc/10.3-2021.07/gcc/bin/../lib/gcc/arm-none-eabi/10.3.1/thumb/v6-m/nofp/libgcc.a(_udivsi3.o) (__aeabi_idiv0)
/opt/homebrew/Cellar/arm-none-eabi-gcc/10.3-2021.07/gcc/bin/../lib/gcc/arm-none-eabi/10.3.1/../../../../arm-none-eabi/lib/thumb/v6-m/nofp/libg.a(lib_a-errno.o)
                              CMakeFiles/Basic.elf.dir/Core/Src/syscalls.c.obj (__errno)
/opt/homebrew/Cellar/arm-none-eabi-gcc/10.3-2021.07/gcc/bin/../lib/gcc/arm-none-eabi/10.3.1/../../../../arm-none-eabi/lib/thumb/v6-m/nofp/libg.a(lib_a-exit.o)
                              /opt/homebrew/Cellar/arm-none-eabi-gcc/10.3-2021.07/gcc/bin/../lib/gcc/arm-none-eabi/10.3.1/../../../../arm-none-eabi/lib/thumb/v6-m/nofp/crt0.o (exit)
/opt/homebrew/Cellar/arm-none-eabi-gcc/10.3-2021.07/gcc/bin/../lib/gcc/arm-none-eabi/10.3.1/../../../../arm-none-eabi/lib/thumb/v6-m/nofp/libg.a(lib_a-impure.o)
                              /opt/homebrew/Cellar/arm-none-eabi-gcc/10.3-2021.07/gcc/bin/../lib/gcc/arm-none-eabi/10.3.1/../../../../arm-none-eabi/lib/thumb/v6-m/nofp/libg.a(lib_a-exit.o) (_global_impure_ptr)
/opt/homebrew/Cellar/arm-none-eabi-gcc/10.3-2021.07/gcc/bin/../lib/gcc/arm-none-eabi/10.3.1/../../../../arm-none-eabi/lib/thumb/v6-m/nofp/libg.a(lib_a-init.o)
                              /opt/homebrew/Cellar/arm-none-eabi-gcc/10.3-2021.07/gcc/bin/../lib/gcc/arm-none-eabi/10.3.1/../../../../arm-none-eabi/lib/thumb/v6-m/nofp/crt0.o (__libc_init_array)
/opt/homebrew/Cellar/arm-none-eabi-gcc/10.3-2021.07/gcc/bin/../lib/gcc/arm-none-eabi/10.3.1/../../../../arm-none-eabi/lib/thumb/v6-m/nofp/libg.a(lib_a-memset.o)
                              /opt/homebrew/Cellar/arm-none-eabi-gcc/10.3-2021.07/gcc/bin/../lib/gcc/arm-none-eabi/10.3.1/../../../../arm-none-eabi/lib/thumb/v6-m/nofp/crt0.o (memset)
/opt/homebrew/Cellar/arm-none-eabi-gcc/10.3-2021.07/gcc/bin/../lib/gcc/arm-none-eabi/10.3.1/../../../../arm-none-eabi/lib/thumb/v6-m/nofp/libg.a(lib_a-__call_atexit.o)
                              /opt/homebrew/Cellar/arm-none-eabi-gcc/10.3-2021.07/gcc/bin/../lib/gcc/arm-none-eabi/10.3.1/../../../../arm-none-eabi/lib/thumb/v6-m/nofp/libg.a(lib_a-exit.o) (__call_exitprocs)
/opt/homebrew/Cellar/arm-none-eabi-gcc/10.3-2021.07/gcc/bin/../lib/gcc/arm-none-eabi/10.3.1/../../../../arm-none-eabi/lib/thumb/v6-m/nofp/libg.a(lib_a-atexit.o)
                              /opt/homebrew/Cellar/arm-none-eabi-gcc/10.3-2021.07/gcc/bin/../lib/gcc/arm-none-eabi/10.3.1/../../../../arm-none-eabi/lib/thumb/v6-m/nofp/libg.a(lib_a-__call_atexit.o) (atexit)
/opt/homebrew/Cellar/arm-none-eabi-gcc/10.3-2021.07/gcc/bin/../lib/gcc/arm-none-eabi/10.3.1/../../../../arm-none-eabi/lib/thumb/v6-m/nofp/libg.a(lib_a-fini.o)
                              /opt/homebrew/Cellar/arm-none-eabi-gcc/10.3-2021.07/gcc/bin/../lib/gcc/arm-none-eabi/10.3.1/../../../../arm-none-eabi/lib/thumb/v6-m/nofp/libg.a(lib_a-__call_atexit.o) (__libc_fini_array)
/opt/homebrew/Cellar/arm-none-eabi-gcc/10.3-2021.07/gcc/bin/../lib/gcc/arm-none-eabi/10.3.1/../../../../arm-none-eabi/lib/thumb/v6-m/nofp/libg.a(lib_a-lock.o)
                              /opt/homebrew/Cellar/arm-none-eabi-gcc/10.3-2021.07/gcc/bin/../lib/gcc/arm-none-eabi/10.3.1/../../../../arm-none-eabi/lib/thumb/v6-m/nofp/libg.a(lib_a-__call_atexit.o) (__retarget_lock_acquire_recursive)
/opt/homebrew/Cellar/arm-none-eabi-gcc/10.3-2021.07/gcc/bin/../lib/gcc/arm-none-eabi/10.3.1/../../../../arm-none-eabi/lib/thumb/v6-m/nofp/libg.a(lib_a-__atexit.o)
                              /opt/homebrew/Cellar/arm-none-eabi-gcc/10.3-2021.07/gcc/bin/../lib/gcc/arm-none-eabi/10.3.1/../../../../arm-none-eabi/lib/thumb/v6-m/nofp/libg.a(lib_a-atexit.o) (__register_exitproc)

Discarded input sections

 .text          0x0000000000000000        0x0 /opt/homebrew/Cellar/arm-none-eabi-gcc/10.3-2021.07/gcc/bin/../lib/gcc/arm-none-eabi/10.3.1/thumb/v6-m/nofp/crti.o
 .data          0x0000000000000000        0x0 /opt/homebrew/Cellar/arm-none-eabi-gcc/10.3-2021.07/gcc/bin/../lib/gcc/arm-none-eabi/10.3.1/thumb/v6-m/nofp/crti.o
 .bss           0x0000000000000000        0x0 /opt/homebrew/Cellar/arm-none-eabi-gcc/10.3-2021.07/gcc/bin/../lib/gcc/arm-none-eabi/10.3.1/thumb/v6-m/nofp/crti.o
 .data          0x0000000000000000        0x4 /opt/homebrew/Cellar/arm-none-eabi-gcc/10.3-2021.07/gcc/bin/../lib/gcc/arm-none-eabi/10.3.1/thumb/v6-m/nofp/crtbegin.o
 .rodata        0x0000000000000000       0x24 /opt/homebrew/Cellar/arm-none-eabi-gcc/10.3-2021.07/gcc/bin/../lib/gcc/arm-none-eabi/10.3.1/thumb/v6-m/nofp/crtbegin.o
[...]
Memory Configuration

Name             Origin             Length             Attributes
RAM              0x0000000020000000 0x0000000000004000 xrw
FLASH            0x0000000008000000 0x0000000000020000 xr
*default*        0x0000000000000000 0xffffffffffffffff

Linker script and memory map

LOAD /opt/homebrew/Cellar/arm-none-eabi-gcc/10.3-2021.07/gcc/bin/../lib/gcc/arm-none-eabi/10.3.1/thumb/v6-m/nofp/crti.o
LOAD /opt/homebrew/Cellar/arm-none-eabi-gcc/10.3-2021.07/gcc/bin/../lib/gcc/arm-none-eabi/10.3.1/thumb/v6-m/nofp/crtbegin.o
LOAD /opt/homebrew/Cellar/arm-none-eabi-gcc/10.3-2021.07/gcc/bin/../lib/gcc/arm-none-eabi/10.3.1/../../../../arm-none-eabi/lib/thumb/v6-m/nofp/crt0.o
LOAD CMakeFiles/Basic.elf.dir/Core/Src/main.c.obj
LOAD CMakeFiles/Basic.elf.dir/Core/Src/stm32f0xx_hal_msp.c.obj
LOAD CMakeFiles/Basic.elf.dir/Core/Src/stm32f0xx_it.c.obj
LOAD CMakeFiles/Basic.elf.dir/Core/Src/syscalls.c.obj
LOAD CMakeFiles/Basic.elf.dir/Core/Src/sysmem.c.obj
LOAD CMakeFiles/Basic.elf.dir/Core/Src/system_stm32f0xx.c.obj
LOAD CMakeFiles/Basic.elf.dir/Core/Startup/startup_stm32f070rbtx.s.obj
LOAD CMakeFiles/Basic.elf.dir/Drivers/STM32F0xx_HAL_Driver/Src/stm32f0xx_hal.c.obj
LOAD CMakeFiles/Basic.elf.dir/Drivers/STM32F0xx_HAL_Driver/Src/stm32f0xx_hal_cortex.c.obj
LOAD CMakeFiles/Basic.elf.dir/Drivers/STM32F0xx_HAL_Driver/Src/stm32f0xx_hal_dma.c.obj
LOAD CMakeFiles/Basic.elf.dir/Drivers/STM32F0xx_HAL_Driver/Src/stm32f0xx_hal_exti.c.obj
LOAD CMakeFiles/Basic.elf.dir/Drivers/STM32F0xx_HAL_Driver/Src/stm32f0xx_hal_flash.c.obj
LOAD CMakeFiles/Basic.elf.dir/Drivers/STM32F0xx_HAL_Driver/Src/stm32f0xx_hal_flash_ex.c.obj
LOAD CMakeFiles/Basic.elf.dir/Drivers/STM32F0xx_HAL_Driver/Src/stm32f0xx_hal_gpio.c.obj
LOAD CMakeFiles/Basic.elf.dir/Drivers/STM32F0xx_HAL_Driver/Src/stm32f0xx_hal_i2c.c.obj
LOAD CMakeFiles/Basic.elf.dir/Drivers/STM32F0xx_HAL_Driver/Src/stm32f0xx_hal_i2c_ex.c.obj
LOAD CMakeFiles/Basic.elf.dir/Drivers/STM32F0xx_HAL_Driver/Src/stm32f0xx_hal_pwr.c.obj
LOAD CMakeFiles/Basic.elf.dir/Drivers/STM32F0xx_HAL_Driver/Src/stm32f0xx_hal_pwr_ex.c.obj
LOAD CMakeFiles/Basic.elf.dir/Drivers/STM32F0xx_HAL_Driver/Src/stm32f0xx_hal_rcc.c.obj
LOAD CMakeFiles/Basic.elf.dir/Drivers/STM32F0xx_HAL_Driver/Src/stm32f0xx_hal_rcc_ex.c.obj
LOAD CMakeFiles/Basic.elf.dir/Drivers/STM32F0xx_HAL_Driver/Src/stm32f0xx_hal_tim.c.obj
LOAD CMakeFiles/Basic.elf.dir/Drivers/STM32F0xx_HAL_Driver/Src/stm32f0xx_hal_tim_ex.c.obj
START GROUP
LOAD /opt/homebrew/Cellar/arm-none-eabi-gcc/10.3-2021.07/gcc/bin/../lib/gcc/arm-none-eabi/10.3.1/thumb/v6-m/nofp/libgcc.a
LOAD /opt/homebrew/Cellar/arm-none-eabi-gcc/10.3-2021.07/gcc/bin/../lib/gcc/arm-none-eabi/10.3.1/../../../../arm-none-eabi/lib/thumb/v6-m/nofp/libg.a
LOAD /opt/homebrew/Cellar/arm-none-eabi-gcc/10.3-2021.07/gcc/bin/../lib/gcc/arm-none-eabi/10.3.1/../../../../arm-none-eabi/lib/thumb/v6-m/nofp/libc.a
END GROUP
LOAD /opt/homebrew/Cellar/arm-none-eabi-gcc/10.3-2021.07/gcc/bin/../lib/gcc/arm-none-eabi/10.3.1/thumb/v6-m/nofp/crtend.o
LOAD /opt/homebrew/Cellar/arm-none-eabi-gcc/10.3-2021.07/gcc/bin/../lib/gcc/arm-none-eabi/10.3.1/thumb/v6-m/nofp/crtn.o
                0x0000000020004000                _estack = (ORIGIN (RAM) + LENGTH (RAM))
                0x0000000000000200                _Min_Heap_Size = 0x200
                0x0000000000000400                _Min_Stack_Size = 0x400

.isr_vector     0x0000000008000000       0xc0
                0x0000000008000000                . = ALIGN (0x4)
 *(.isr_vector)
 .isr_vector    0x0000000008000000       0xc0 CMakeFiles/Basic.elf.dir/Core/Startup/startup_stm32f070rbtx.s.obj
                0x0000000008000000                g_pfnVectors
                0x00000000080000c0                . = ALIGN (0x4)

.text           0x00000000080000c0      0xbf0
                0x00000000080000c0                . = ALIGN (0x4)
 *(.text)
 .text          0x00000000080000c0       0x48 /opt/homebrew/Cellar/arm-none-eabi-gcc/10.3-2021.07/gcc/bin/../lib/gcc/arm-none-eabi/10.3.1/thumb/v6-m/nofp/crtbegin.o
 .text          0x0000000008000108      0x114 /opt/homebrew/Cellar/arm-none-eabi-gcc/10.3-2021.07/gcc/bin/../lib/gcc/arm-none-eabi/10.3.1/thumb/v6-m/nofp/libgcc.a(_udivsi3.o)
                0x0000000008000108                __udivsi3
                0x0000000008000108                __aeabi_uidiv
                0x0000000008000214                __aeabi_uidivmod
 .text          0x000000000800021c        0x4 /opt/homebrew/Cellar/arm-none-eabi-gcc/10.3-2021.07/gcc/bin/../lib/gcc/arm-none-eabi/10.3.1/thumb/v6-m/nofp/libgcc.a(_dvmd_tls.o)
                0x000000000800021c                __aeabi_ldiv0
                0x000000000800021c                __aeabi_idiv0
 *(.text*)
 .text.MX_GPIO_Init
                0x0000000008000220       0x20 CMakeFiles/Basic.elf.dir/Core/Src/main.c.obj
 .text.Error_Handler
                0x0000000008000240        0x4 CMakeFiles/Basic.elf.dir/Core/Src/main.c.obj
                0x0000000008000240                Error_Handler
 .text.SystemClock_Config
                0x0000000008000244       0x52 CMakeFiles/Basic.elf.dir/Core/Src/main.c.obj
                0x0000000008000244                SystemClock_Config
 .text.main     0x0000000008000296       0x10 CMakeFiles/Basic.elf.dir/Core/Src/main.c.obj
                0x0000000008000296                main
 *fill*         0x00000000080002a6        0x2 
 .text.HAL_MspInit
                0x00000000080002a8       0x30 CMakeFiles/Basic.elf.dir/Core/Src/stm32f0xx_hal_msp.c.obj
                0x00000000080002a8                HAL_MspInit
 .text.NMI_Handler
                0x00000000080002d8        0x2 CMakeFiles/Basic.elf.dir/Core/Src/stm32f0xx_it.c.obj
                0x00000000080002d8                NMI_Handler
 .text.HardFault_Handler
                0x00000000080002da        0x2 CMakeFiles/Basic.elf.dir/Core/Src/stm32f0xx_it.c.obj
                0x00000000080002da                HardFault_Handler
 .text.SVC_Handler
                0x00000000080002dc        0x2 CMakeFiles/Basic.elf.dir/Core/Src/stm32f0xx_it.c.obj
                0x00000000080002dc                SVC_Handler
 .text.PendSV_Handler
                0x00000000080002de        0x2 CMakeFiles/Basic.elf.dir/Core/Src/stm32f0xx_it.c.obj
                0x00000000080002de                PendSV_Handler
 .text.SysTick_Handler
                0x00000000080002e0        0x8 CMakeFiles/Basic.elf.dir/Core/Src/stm32f0xx_it.c.obj
                0x00000000080002e0                SysTick_Handler
 .text.SystemInit
                0x00000000080002e8        0x2 CMakeFiles/Basic.elf.dir/Core/Src/system_stm32f0xx.c.obj
                0x00000000080002e8                SystemInit
 *fill*         0x00000000080002ea        0x2 
 .text.Reset_Handler
                0x00000000080002ec       0x50 CMakeFiles/Basic.elf.dir/Core/Startup/startup_stm32f070rbtx.s.obj
                0x00000000080002ec                Reset_Handler
 .text.Default_Handler
                0x000000000800033c        0x2 CMakeFiles/Basic.elf.dir/Core/Startup/startup_stm32f070rbtx.s.obj
                0x000000000800033c                TIM1_BRK_UP_TRG_COM_IRQHandler
                0x000000000800033c                TIM6_IRQHandler
                0x000000000800033c                I2C1_IRQHandler
                0x000000000800033c                SPI1_IRQHandler
                0x000000000800033c                USART3_4_IRQHandler
                0x000000000800033c                EXTI2_3_IRQHandler
                0x000000000800033c                ADC1_IRQHandler
                0x000000000800033c                I2C2_IRQHandler
                0x000000000800033c                TIM17_IRQHandler
                0x000000000800033c                RTC_IRQHandler
                0x000000000800033c                TIM16_IRQHandler
                0x000000000800033c                TIM3_IRQHandler
                0x000000000800033c                EXTI4_15_IRQHandler
                0x000000000800033c                RCC_IRQHandler
                0x000000000800033c                DMA1_Channel1_IRQHandler
                0x000000000800033c                Default_Handler
                0x000000000800033c                TIM14_IRQHandler
                0x000000000800033c                DMA1_Channel4_5_IRQHandler
                0x000000000800033c                TIM7_IRQHandler
                0x000000000800033c                TIM15_IRQHandler
                0x000000000800033c                EXTI0_1_IRQHandler
                0x000000000800033c                USB_IRQHandler
                0x000000000800033c                SPI2_IRQHandler
                0x000000000800033c                WWDG_IRQHandler
                0x000000000800033c                DMA1_Channel2_3_IRQHandler
                0x000000000800033c                USART2_IRQHandler
                0x000000000800033c                FLASH_IRQHandler
                0x000000000800033c                USART1_IRQHandler
                0x000000000800033c                TIM1_CC_IRQHandler
 *fill*         0x000000000800033e        0x2 
 .text.HAL_InitTick
                0x0000000008000340       0x50 CMakeFiles/Basic.elf.dir/Drivers/STM32F0xx_HAL_Driver/Src/stm32f0xx_hal.c.obj
                0x0000000008000340                HAL_InitTick
 .text.HAL_Init
                0x0000000008000390       0x20 CMakeFiles/Basic.elf.dir/Drivers/STM32F0xx_HAL_Driver/Src/stm32f0xx_hal.c.obj
                0x0000000008000390                HAL_Init
 .text.HAL_IncTick
                0x00000000080003b0       0x18 CMakeFiles/Basic.elf.dir/Drivers/STM32F0xx_HAL_Driver/Src/stm32f0xx_hal.c.obj
                0x00000000080003b0                HAL_IncTick
 .text.HAL_GetTick
                0x00000000080003c8        0xc CMakeFiles/Basic.elf.dir/Drivers/STM32F0xx_HAL_Driver/Src/stm32f0xx_hal.c.obj
                0x00000000080003c8                HAL_GetTick
 .text.HAL_NVIC_SetPriority
                0x00000000080003d4       0x60 CMakeFiles/Basic.elf.dir/Drivers/STM32F0xx_HAL_Driver/Src/stm32f0xx_hal_cortex.c.obj
                0x00000000080003d4                HAL_NVIC_SetPriority
 .text.HAL_SYSTICK_Config
                0x0000000008000434       0x38 CMakeFiles/Basic.elf.dir/Drivers/STM32F0xx_HAL_Driver/Src/stm32f0xx_hal_cortex.c.obj
                0x0000000008000434                HAL_SYSTICK_Config
 .text.HAL_RCC_OscConfig
                0x000000000800046c      0x4b0 CMakeFiles/Basic.elf.dir/Drivers/STM32F0xx_HAL_Driver/Src/stm32f0xx_hal_rcc.c.obj
                0x000000000800046c                HAL_RCC_OscConfig
 .text.HAL_RCC_GetSysClockFreq
                0x000000000800091c       0x58 CMakeFiles/Basic.elf.dir/Drivers/STM32F0xx_HAL_Driver/Src/stm32f0xx_hal_rcc.c.obj
                0x000000000800091c                HAL_RCC_GetSysClockFreq
 .text.HAL_RCC_ClockConfig
                0x0000000008000974      0x134 CMakeFiles/Basic.elf.dir/Drivers/STM32F0xx_HAL_Driver/Src/stm32f0xx_hal_rcc.c.obj
                0x0000000008000974                HAL_RCC_ClockConfig
 .text.__libc_init_array
                0x0000000008000aa8       0x44 /opt/homebrew/Cellar/arm-none-eabi-gcc/10.3-2021.07/gcc/bin/../lib/gcc/arm-none-eabi/10.3.1/../../../../arm-none-eabi/lib/thumb/v6-m/nofp/libg.a(lib_a-init.o)
                0x0000000008000aa8                __libc_init_array
 .text.memset   0x0000000008000aec       0xa8 /opt/homebrew/Cellar/arm-none-eabi-gcc/10.3-2021.07/gcc/bin/../lib/gcc/arm-none-eabi/10.3.1/../../../../arm-none-eabi/lib/thumb/v6-m/nofp/libg.a(lib_a-memset.o)
                0x0000000008000aec                memset
 .text.startup.register_fini
                0x0000000008000b94       0x18 /opt/homebrew/Cellar/arm-none-eabi-gcc/10.3-2021.07/gcc/bin/../lib/gcc/arm-none-eabi/10.3.1/../../../../arm-none-eabi/lib/thumb/v6-m/nofp/libg.a(lib_a-__call_atexit.o)
 .text.atexit   0x0000000008000bac       0x10 /opt/homebrew/Cellar/arm-none-eabi-gcc/10.3-2021.07/gcc/bin/../lib/gcc/arm-none-eabi/10.3.1/../../../../arm-none-eabi/lib/thumb/v6-m/nofp/libg.a(lib_a-atexit.o)
                0x0000000008000bac                atexit
 .text.__libc_fini_array
                0x0000000008000bbc       0x28 /opt/homebrew/Cellar/arm-none-eabi-gcc/10.3-2021.07/gcc/bin/../lib/gcc/arm-none-eabi/10.3.1/../../../../arm-none-eabi/lib/thumb/v6-m/nofp/libg.a(lib_a-fini.o)
                0x0000000008000bbc                __libc_fini_array
 .text.__retarget_lock_acquire_recursive
                0x0000000008000be4        0x4 /opt/homebrew/Cellar/arm-none-eabi-gcc/10.3-2021.07/gcc/bin/../lib/gcc/arm-none-eabi/10.3.1/../../../../arm-none-eabi/lib/thumb/v6-m/nofp/libg.a(lib_a-lock.o)
                0x0000000008000be4                __retarget_lock_acquire_recursive
 .text.__retarget_lock_release_recursive
                0x0000000008000be8        0x4 /opt/homebrew/Cellar/arm-none-eabi-gcc/10.3-2021.07/gcc/bin/../lib/gcc/arm-none-eabi/10.3.1/../../../../arm-none-eabi/lib/thumb/v6-m/nofp/libg.a(lib_a-lock.o)
                0x0000000008000be8                __retarget_lock_release_recursive
 .text.__register_exitproc
                0x0000000008000bec       0xac /opt/homebrew/Cellar/arm-none-eabi-gcc/10.3-2021.07/gcc/bin/../lib/gcc/arm-none-eabi/10.3.1/../../../../arm-none-eabi/lib/thumb/v6-m/nofp/libg.a(lib_a-__atexit.o)
                0x0000000008000bec                __register_exitproc
 *(.glue_7)
 .glue_7        0x0000000008000c98        0x0 linker stubs
 *(.glue_7t)
 .glue_7t       0x0000000008000c98        0x0 linker stubs
 *(.eh_frame)
 .eh_frame      0x0000000008000c98        0x0 /opt/homebrew/Cellar/arm-none-eabi-gcc/10.3-2021.07/gcc/bin/../lib/gcc/arm-none-eabi/10.3.1/thumb/v6-m/nofp/crtbegin.o
 *(.init)
 .init          0x0000000008000c98        0x4 /opt/homebrew/Cellar/arm-none-eabi-gcc/10.3-2021.07/gcc/bin/../lib/gcc/arm-none-eabi/10.3.1/thumb/v6-m/nofp/crti.o
                0x0000000008000c98                _init
 .init          0x0000000008000c9c        0x8 /opt/homebrew/Cellar/arm-none-eabi-gcc/10.3-2021.07/gcc/bin/../lib/gcc/arm-none-eabi/10.3.1/thumb/v6-m/nofp/crtn.o
 *(.fini)
 .fini          0x0000000008000ca4        0x4 /opt/homebrew/Cellar/arm-none-eabi-gcc/10.3-2021.07/gcc/bin/../lib/gcc/arm-none-eabi/10.3.1/thumb/v6-m/nofp/crti.o
                0x0000000008000ca4                _fini
 .fini          0x0000000008000ca8        0x8 /opt/homebrew/Cellar/arm-none-eabi-gcc/10.3-2021.07/gcc/bin/../lib/gcc/arm-none-eabi/10.3.1/thumb/v6-m/nofp/crtn.o
                0x0000000008000cb0                . = ALIGN (0x4)
                0x0000000008000cb0                _etext = .

.vfp11_veneer   0x0000000008000cb0        0x0
 .vfp11_veneer  0x0000000008000cb0        0x0 linker stubs

.v4_bx          0x0000000008000cb0        0x0
 .v4_bx         0x0000000008000cb0        0x0 linker stubs

.iplt           0x0000000008000cb0        0x0
 .iplt          0x0000000008000cb0        0x0 /opt/homebrew/Cellar/arm-none-eabi-gcc/10.3-2021.07/gcc/bin/../lib/gcc/arm-none-eabi/10.3.1/thumb/v6-m/nofp/crtbegin.o

.rodata         0x0000000008000cb0       0x34
                0x0000000008000cb0                . = ALIGN (0x4)
 *(.rodata)
 *(.rodata*)
 .rodata.AHBPrescTable
                0x0000000008000cb0       0x10 CMakeFiles/Basic.elf.dir/Core/Src/system_stm32f0xx.c.obj
                0x0000000008000cb0                AHBPrescTable
 .rodata.aPLLMULFactorTable.1
                0x0000000008000cc0       0x10 CMakeFiles/Basic.elf.dir/Drivers/STM32F0xx_HAL_Driver/Src/stm32f0xx_hal_rcc.c.obj
 .rodata.aPredivFactorTable.0
                0x0000000008000cd0       0x10 CMakeFiles/Basic.elf.dir/Drivers/STM32F0xx_HAL_Driver/Src/stm32f0xx_hal_rcc.c.obj
 .rodata._global_impure_ptr
                0x0000000008000ce0        0x4 /opt/homebrew/Cellar/arm-none-eabi-gcc/10.3-2021.07/gcc/bin/../lib/gcc/arm-none-eabi/10.3.1/../../../../arm-none-eabi/lib/thumb/v6-m/nofp/libg.a(lib_a-impure.o)
                0x0000000008000ce0                _global_impure_ptr
                0x0000000008000ce4                . = ALIGN (0x4)

.rel.dyn        0x0000000008000ce4        0x0
 .rel.iplt      0x0000000008000ce4        0x0 /opt/homebrew/Cellar/arm-none-eabi-gcc/10.3-2021.07/gcc/bin/../lib/gcc/arm-none-eabi/10.3.1/thumb/v6-m/nofp/crtbegin.o

.ARM.extab      0x0000000008000ce4        0x0
                0x0000000008000ce4                . = ALIGN (0x4)
 *(.ARM.extab* .gnu.linkonce.armextab.*)
                0x0000000008000ce4                . = ALIGN (0x4)

.ARM            0x0000000008000ce4        0x0
                0x0000000008000ce4                . = ALIGN (0x4)
                0x0000000008000ce4                __exidx_start = .
 *(.ARM.exidx*)
                0x0000000008000ce4                __exidx_end = .
                0x0000000008000ce4                . = ALIGN (0x4)

.preinit_array  0x0000000008000ce4        0x0
                0x0000000008000ce4                . = ALIGN (0x4)
                0x0000000008000ce4                PROVIDE (__preinit_array_start = .)
 *(.preinit_array*)
                0x0000000008000ce4                PROVIDE (__preinit_array_end = .)
                0x0000000008000ce4                . = ALIGN (0x4)

.init_array     0x0000000008000ce4        0x8
                0x0000000008000ce4                . = ALIGN (0x4)
                0x0000000008000ce4                PROVIDE (__init_array_start = .)
 *(SORT_BY_NAME(.init_array.*))
 .init_array.00000
                0x0000000008000ce4        0x4 /opt/homebrew/Cellar/arm-none-eabi-gcc/10.3-2021.07/gcc/bin/../lib/gcc/arm-none-eabi/10.3.1/../../../../arm-none-eabi/lib/thumb/v6-m/nofp/libg.a(lib_a-__call_atexit.o)
 *(.init_array*)
 .init_array    0x0000000008000ce8        0x4 /opt/homebrew/Cellar/arm-none-eabi-gcc/10.3-2021.07/gcc/bin/../lib/gcc/arm-none-eabi/10.3.1/thumb/v6-m/nofp/crtbegin.o
                0x0000000008000cec                PROVIDE (__init_array_end = .)
                0x0000000008000cec                . = ALIGN (0x4)

.fini_array     0x0000000008000cec        0x4
                0x0000000008000cec                . = ALIGN (0x4)
                0x0000000008000cec                PROVIDE (__fini_array_start = .)
 *(SORT_BY_NAME(.fini_array.*))
 *(.fini_array*)
 .fini_array    0x0000000008000cec        0x4 /opt/homebrew/Cellar/arm-none-eabi-gcc/10.3-2021.07/gcc/bin/../lib/gcc/arm-none-eabi/10.3.1/thumb/v6-m/nofp/crtbegin.o
                0x0000000008000cf0                PROVIDE (__fini_array_end = .)
                0x0000000008000cf0                . = ALIGN (0x4)
                0x0000000008000cf0                _sidata = LOADADDR (.data)

.data           0x0000000020000000      0x43c load address 0x0000000008000cf0
                0x0000000020000000                . = ALIGN (0x4)
                0x0000000020000000                _sdata = .
 *(.data)
 *(.data*)
 .data.SystemCoreClock
                0x0000000020000000        0x4 CMakeFiles/Basic.elf.dir/Core/Src/system_stm32f0xx.c.obj
                0x0000000020000000                SystemCoreClock
 .data.uwTickFreq
                0x0000000020000004        0x1 CMakeFiles/Basic.elf.dir/Drivers/STM32F0xx_HAL_Driver/Src/stm32f0xx_hal.c.obj
                0x0000000020000004                uwTickFreq
 *fill*         0x0000000020000005        0x3 
 .data.uwTickPrio
                0x0000000020000008        0x4 CMakeFiles/Basic.elf.dir/Drivers/STM32F0xx_HAL_Driver/Src/stm32f0xx_hal.c.obj
                0x0000000020000008                uwTickPrio
 *fill*         0x000000002000000c        0x4 
 .data.impure_data
                0x0000000020000010      0x428 /opt/homebrew/Cellar/arm-none-eabi-gcc/10.3-2021.07/gcc/bin/../lib/gcc/arm-none-eabi/10.3.1/../../../../arm-none-eabi/lib/thumb/v6-m/nofp/libg.a(lib_a-impure.o)
 .data.__atexit_recursive_mutex
                0x0000000020000438        0x4 /opt/homebrew/Cellar/arm-none-eabi-gcc/10.3-2021.07/gcc/bin/../lib/gcc/arm-none-eabi/10.3.1/../../../../arm-none-eabi/lib/thumb/v6-m/nofp/libg.a(lib_a-__call_atexit.o)
                0x0000000020000438                __atexit_recursive_mutex
 *(.RamFunc)
 *(.RamFunc*)
                0x000000002000043c                . = ALIGN (0x4)
                0x000000002000043c                _edata = .

.igot.plt       0x000000002000043c        0x0 load address 0x000000000800112c
 .igot.plt      0x000000002000043c        0x0 /opt/homebrew/Cellar/arm-none-eabi-gcc/10.3-2021.07/gcc/bin/../lib/gcc/arm-none-eabi/10.3.1/thumb/v6-m/nofp/crtbegin.o
                0x000000002000043c                . = ALIGN (0x4)

.bss            0x000000002000043c       0x24 load address 0x000000000800112c
                0x000000002000043c                _sbss = .
                0x000000002000043c                __bss_start__ = _sbss
 *(.bss)
 .bss           0x000000002000043c       0x1c /opt/homebrew/Cellar/arm-none-eabi-gcc/10.3-2021.07/gcc/bin/../lib/gcc/arm-none-eabi/10.3.1/thumb/v6-m/nofp/crtbegin.o
 *(.bss*)
 .bss.uwTick    0x0000000020000458        0x4 CMakeFiles/Basic.elf.dir/Drivers/STM32F0xx_HAL_Driver/Src/stm32f0xx_hal.c.obj
                0x0000000020000458                uwTick
 .bss.__lock___atexit_recursive_mutex
                0x000000002000045c        0x1 /opt/homebrew/Cellar/arm-none-eabi-gcc/10.3-2021.07/gcc/bin/../lib/gcc/arm-none-eabi/10.3.1/../../../../arm-none-eabi/lib/thumb/v6-m/nofp/libg.a(lib_a-lock.o)
                0x000000002000045c                __lock___atexit_recursive_mutex
 *(COMMON)
                0x0000000020000460                . = ALIGN (0x4)
 *fill*         0x000000002000045d        0x3 
                0x0000000020000460                _ebss = .
                0x0000000020000460                __bss_end__ = _ebss

._user_heap_stack
                0x0000000020000460      0x600 load address 0x000000000800112c
                0x0000000020000460                . = ALIGN (0x8)
                [!provide]                        PROVIDE (end = .)
                0x0000000020000460                PROVIDE (_end = .)
                0x0000000020000660                . = (. + _Min_Heap_Size)
 *fill*         0x0000000020000460      0x200 
                0x0000000020000a60                . = (. + _Min_Stack_Size)
 *fill*         0x0000000020000660      0x400 
                0x0000000020000a60                . = ALIGN (0x8)

/DISCARD/
 libc.a(*)
 libm.a(*)
 libgcc.a(*)

.ARM.attributes
                0x0000000000000000       0x28
 *(.ARM.attributes)
 .ARM.attributes
                0x0000000000000000       0x1e /opt/homebrew/Cellar/arm-none-eabi-gcc/10.3-2021.07/gcc/bin/../lib/gcc/arm-none-eabi/10.3.1/thumb/v6-m/nofp/crti.o
 .ARM.attributes
                0x000000000000001e       0x2c /opt/homebrew/Cellar/arm-none-eabi-gcc/10.3-2021.07/gcc/bin/../lib/gcc/arm-none-eabi/10.3.1/thumb/v6-m/nofp/crtbegin.o
 .ARM.attributes
                0x000000000000004a       0x2c CMakeFiles/Basic.elf.dir/Core/Src/main.c.obj
 .ARM.attributes
                0x0000000000000076       0x2c CMakeFiles/Basic.elf.dir/Core/Src/stm32f0xx_hal_msp.c.obj
 .ARM.attributes
                0x00000000000000a2       0x2c CMakeFiles/Basic.elf.dir/Core/Src/stm32f0xx_it.c.obj
 .ARM.attributes
                0x00000000000000ce       0x2c CMakeFiles/Basic.elf.dir/Core/Src/system_stm32f0xx.c.obj
 .ARM.attributes
                0x00000000000000fa       0x21 CMakeFiles/Basic.elf.dir/Core/Startup/startup_stm32f070rbtx.s.obj
 .ARM.attributes
                0x000000000000011b       0x2c CMakeFiles/Basic.elf.dir/Drivers/STM32F0xx_HAL_Driver/Src/stm32f0xx_hal.c.obj
 .ARM.attributes
                0x0000000000000147       0x2c CMakeFiles/Basic.elf.dir/Drivers/STM32F0xx_HAL_Driver/Src/stm32f0xx_hal_cortex.c.obj
 .ARM.attributes
                0x0000000000000173       0x2c CMakeFiles/Basic.elf.dir/Drivers/STM32F0xx_HAL_Driver/Src/stm32f0xx_hal_rcc.c.obj
 .ARM.attributes
                0x000000000000019f       0x1e /opt/homebrew/Cellar/arm-none-eabi-gcc/10.3-2021.07/gcc/bin/../lib/gcc/arm-none-eabi/10.3.1/thumb/v6-m/nofp/libgcc.a(_udivsi3.o)
 .ARM.attributes
                0x00000000000001bd       0x1e /opt/homebrew/Cellar/arm-none-eabi-gcc/10.3-2021.07/gcc/bin/../lib/gcc/arm-none-eabi/10.3.1/thumb/v6-m/nofp/libgcc.a(_dvmd_tls.o)
 .ARM.attributes
                0x00000000000001db       0x2c /opt/homebrew/Cellar/arm-none-eabi-gcc/10.3-2021.07/gcc/bin/../lib/gcc/arm-none-eabi/10.3.1/../../../../arm-none-eabi/lib/thumb/v6-m/nofp/libg.a(lib_a-impure.o)
 .ARM.attributes
                0x0000000000000207       0x2c /opt/homebrew/Cellar/arm-none-eabi-gcc/10.3-2021.07/gcc/bin/../lib/gcc/arm-none-eabi/10.3.1/../../../../arm-none-eabi/lib/thumb/v6-m/nofp/libg.a(lib_a-init.o)
 .ARM.attributes
                0x0000000000000233       0x2c /opt/homebrew/Cellar/arm-none-eabi-gcc/10.3-2021.07/gcc/bin/../lib/gcc/arm-none-eabi/10.3.1/../../../../arm-none-eabi/lib/thumb/v6-m/nofp/libg.a(lib_a-memset.o)
 .ARM.attributes
                0x000000000000025f       0x2c /opt/homebrew/Cellar/arm-none-eabi-gcc/10.3-2021.07/gcc/bin/../lib/gcc/arm-none-eabi/10.3.1/../../../../arm-none-eabi/lib/thumb/v6-m/nofp/libg.a(lib_a-__call_atexit.o)
 .ARM.attributes
                0x000000000000028b       0x2c /opt/homebrew/Cellar/arm-none-eabi-gcc/10.3-2021.07/gcc/bin/../lib/gcc/arm-none-eabi/10.3.1/../../../../arm-none-eabi/lib/thumb/v6-m/nofp/libg.a(lib_a-atexit.o)
 .ARM.attributes
                0x00000000000002b7       0x2c /opt/homebrew/Cellar/arm-none-eabi-gcc/10.3-2021.07/gcc/bin/../lib/gcc/arm-none-eabi/10.3.1/../../../../arm-none-eabi/lib/thumb/v6-m/nofp/libg.a(lib_a-fini.o)
 .ARM.attributes
                0x00000000000002e3       0x2c /opt/homebrew/Cellar/arm-none-eabi-gcc/10.3-2021.07/gcc/bin/../lib/gcc/arm-none-eabi/10.3.1/../../../../arm-none-eabi/lib/thumb/v6-m/nofp/libg.a(lib_a-lock.o)
 .ARM.attributes
                0x000000000000030f       0x2c /opt/homebrew/Cellar/arm-none-eabi-gcc/10.3-2021.07/gcc/bin/../lib/gcc/arm-none-eabi/10.3.1/../../../../arm-none-eabi/lib/thumb/v6-m/nofp/libg.a(lib_a-__atexit.o)
 .ARM.attributes
                0x000000000000033b       0x1e /opt/homebrew/Cellar/arm-none-eabi-gcc/10.3-2021.07/gcc/bin/../lib/gcc/arm-none-eabi/10.3.1/thumb/v6-m/nofp/crtn.o
OUTPUT(Basic.elf elf32-littlearm)
LOAD linker stubs
LOAD /opt/homebrew/Cellar/arm-none-eabi-gcc/10.3-2021.07/gcc/bin/../lib/gcc/arm-none-eabi/10.3.1/../../../../arm-none-eabi/lib/thumb/v6-m/nofp/libc.a
LOAD /opt/homebrew/Cellar/arm-none-eabi-gcc/10.3-2021.07/gcc/bin/../lib/gcc/arm-none-eabi/10.3.1/../../../../arm-none-eabi/lib/thumb/v6-m/nofp/libm.a
LOAD /opt/homebrew/Cellar/arm-none-eabi-gcc/10.3-2021.07/gcc/bin/../lib/gcc/arm-none-eabi/10.3.1/thumb/v6-m/nofp/libgcc.a

.debug_info     0x0000000000000000     0x239d
 .debug_info    0x0000000000000000      0x447 CMakeFiles/Basic.elf.dir/Core/Src/main.c.obj
 .debug_info    0x0000000000000447      0x1b4 CMakeFiles/Basic.elf.dir/Core/Src/stm32f0xx_hal_msp.c.obj
 .debug_info    0x00000000000005fb       0xe8 CMakeFiles/Basic.elf.dir/Core/Src/stm32f0xx_it.c.obj
 .debug_info    0x00000000000006e3      0x294 CMakeFiles/Basic.elf.dir/Core/Src/system_stm32f0xx.c.obj
 .debug_info    0x0000000000000977       0x22 CMakeFiles/Basic.elf.dir/Core/Startup/startup_stm32f070rbtx.s.obj
 .debug_info    0x0000000000000999      0x749 CMakeFiles/Basic.elf.dir/Drivers/STM32F0xx_HAL_Driver/Src/stm32f0xx_hal.c.obj
 .debug_info    0x00000000000010e2      0x84c CMakeFiles/Basic.elf.dir/Drivers/STM32F0xx_HAL_Driver/Src/stm32f0xx_hal_cortex.c.obj
 .debug_info    0x000000000000192e      0xa6f CMakeFiles/Basic.elf.dir/Drivers/STM32F0xx_HAL_Driver/Src/stm32f0xx_hal_rcc.c.obj

.debug_abbrev   0x0000000000000000      0xb76
 .debug_abbrev  0x0000000000000000      0x1be CMakeFiles/Basic.elf.dir/Core/Src/main.c.obj
 .debug_abbrev  0x00000000000001be       0xbf CMakeFiles/Basic.elf.dir/Core/Src/stm32f0xx_hal_msp.c.obj
 .debug_abbrev  0x000000000000027d       0x7e CMakeFiles/Basic.elf.dir/Core/Src/stm32f0xx_it.c.obj
 .debug_abbrev  0x00000000000002fb      0x131 CMakeFiles/Basic.elf.dir/Core/Src/system_stm32f0xx.c.obj
 .debug_abbrev  0x000000000000042c       0x12 CMakeFiles/Basic.elf.dir/Core/Startup/startup_stm32f070rbtx.s.obj
 .debug_abbrev  0x000000000000043e      0x245 CMakeFiles/Basic.elf.dir/Drivers/STM32F0xx_HAL_Driver/Src/stm32f0xx_hal.c.obj
 .debug_abbrev  0x0000000000000683      0x293 CMakeFiles/Basic.elf.dir/Drivers/STM32F0xx_HAL_Driver/Src/stm32f0xx_hal_cortex.c.obj
 .debug_abbrev  0x0000000000000916      0x260 CMakeFiles/Basic.elf.dir/Drivers/STM32F0xx_HAL_Driver/Src/stm32f0xx_hal_rcc.c.obj

.debug_loc      0x0000000000000000      0xcdb
 .debug_loc     0x0000000000000000       0x16 CMakeFiles/Basic.elf.dir/Core/Src/main.c.obj
 .debug_loc     0x0000000000000016      0x14a CMakeFiles/Basic.elf.dir/Core/Src/system_stm32f0xx.c.obj
 .debug_loc     0x0000000000000160      0x141 CMakeFiles/Basic.elf.dir/Drivers/STM32F0xx_HAL_Driver/Src/stm32f0xx_hal.c.obj
 .debug_loc     0x00000000000002a1      0x433 CMakeFiles/Basic.elf.dir/Drivers/STM32F0xx_HAL_Driver/Src/stm32f0xx_hal_cortex.c.obj
 .debug_loc     0x00000000000006d4      0x607 CMakeFiles/Basic.elf.dir/Drivers/STM32F0xx_HAL_Driver/Src/stm32f0xx_hal_rcc.c.obj

.debug_aranges  0x0000000000000000      0x2b0
 .debug_aranges
                0x0000000000000000       0x38 CMakeFiles/Basic.elf.dir/Core/Src/main.c.obj
 .debug_aranges
                0x0000000000000038       0x20 CMakeFiles/Basic.elf.dir/Core/Src/stm32f0xx_hal_msp.c.obj
 .debug_aranges
                0x0000000000000058       0x40 CMakeFiles/Basic.elf.dir/Core/Src/stm32f0xx_it.c.obj
 .debug_aranges
                0x0000000000000098       0x28 CMakeFiles/Basic.elf.dir/Core/Src/system_stm32f0xx.c.obj
 .debug_aranges
                0x00000000000000c0       0x28 CMakeFiles/Basic.elf.dir/Core/Startup/startup_stm32f070rbtx.s.obj
 .debug_aranges
                0x00000000000000e8       0xd0 CMakeFiles/Basic.elf.dir/Drivers/STM32F0xx_HAL_Driver/Src/stm32f0xx_hal.c.obj
 .debug_aranges
                0x00000000000001b8       0x78 CMakeFiles/Basic.elf.dir/Drivers/STM32F0xx_HAL_Driver/Src/stm32f0xx_hal_cortex.c.obj
 .debug_aranges
                0x0000000000000230       0x80 CMakeFiles/Basic.elf.dir/Drivers/STM32F0xx_HAL_Driver/Src/stm32f0xx_hal_rcc.c.obj

.debug_ranges   0x0000000000000000      0x2b0
 .debug_ranges  0x0000000000000000       0x28 CMakeFiles/Basic.elf.dir/Core/Src/main.c.obj
 .debug_ranges  0x0000000000000028       0x10 CMakeFiles/Basic.elf.dir/Core/Src/stm32f0xx_hal_msp.c.obj
 .debug_ranges  0x0000000000000038       0x30 CMakeFiles/Basic.elf.dir/Core/Src/stm32f0xx_it.c.obj
 .debug_ranges  0x0000000000000068       0x18 CMakeFiles/Basic.elf.dir/Core/Src/system_stm32f0xx.c.obj
 .debug_ranges  0x0000000000000080       0x20 CMakeFiles/Basic.elf.dir/Core/Startup/startup_stm32f070rbtx.s.obj
 .debug_ranges  0x00000000000000a0       0xc0 CMakeFiles/Basic.elf.dir/Drivers/STM32F0xx_HAL_Driver/Src/stm32f0xx_hal.c.obj
 .debug_ranges  0x0000000000000160       0xc8 CMakeFiles/Basic.elf.dir/Drivers/STM32F0xx_HAL_Driver/Src/stm32f0xx_hal_cortex.c.obj
 .debug_ranges  0x0000000000000228       0x88 CMakeFiles/Basic.elf.dir/Drivers/STM32F0xx_HAL_Driver/Src/stm32f0xx_hal_rcc.c.obj

.debug_line     0x0000000000000000     0x2092
 .debug_line    0x0000000000000000      0x36a CMakeFiles/Basic.elf.dir/Core/Src/main.c.obj
 .debug_line    0x000000000000036a      0x1b8 CMakeFiles/Basic.elf.dir/Core/Src/stm32f0xx_hal_msp.c.obj
 .debug_line    0x0000000000000522      0x149 CMakeFiles/Basic.elf.dir/Core/Src/stm32f0xx_it.c.obj
 .debug_line    0x000000000000066b      0x276 CMakeFiles/Basic.elf.dir/Core/Src/system_stm32f0xx.c.obj
 .debug_line    0x00000000000008e1       0xb0 CMakeFiles/Basic.elf.dir/Core/Startup/startup_stm32f070rbtx.s.obj
 .debug_line    0x0000000000000991      0x5a6 CMakeFiles/Basic.elf.dir/Drivers/STM32F0xx_HAL_Driver/Src/stm32f0xx_hal.c.obj
 .debug_line    0x0000000000000f37      0x588 CMakeFiles/Basic.elf.dir/Drivers/STM32F0xx_HAL_Driver/Src/stm32f0xx_hal_cortex.c.obj
 .debug_line    0x00000000000014bf      0xbd3 CMakeFiles/Basic.elf.dir/Drivers/STM32F0xx_HAL_Driver/Src/stm32f0xx_hal_rcc.c.obj

.debug_str      0x0000000000000000      0xfad
 .debug_str     0x0000000000000000      0x3c2 CMakeFiles/Basic.elf.dir/Core/Src/main.c.obj
                                        0x406 (size before relaxing)
 .debug_str     0x00000000000003c2       0x53 CMakeFiles/Basic.elf.dir/Core/Src/stm32f0xx_hal_msp.c.obj
                                        0x252 (size before relaxing)
 .debug_str     0x0000000000000415       0x97 CMakeFiles/Basic.elf.dir/Core/Src/stm32f0xx_it.c.obj
                                        0x228 (size before relaxing)
 .debug_str     0x00000000000004ac       0xca CMakeFiles/Basic.elf.dir/Core/Src/system_stm32f0xx.c.obj
                                        0x2ca (size before relaxing)
 .debug_str     0x0000000000000576       0x5d CMakeFiles/Basic.elf.dir/Core/Startup/startup_stm32f070rbtx.s.obj
                                         0x99 (size before relaxing)
 .debug_str     0x00000000000005d3      0x4aa CMakeFiles/Basic.elf.dir/Drivers/STM32F0xx_HAL_Driver/Src/stm32f0xx_hal.c.obj
                                        0x717 (size before relaxing)
 .debug_str     0x0000000000000a7d      0x2bc CMakeFiles/Basic.elf.dir/Drivers/STM32F0xx_HAL_Driver/Src/stm32f0xx_hal_cortex.c.obj
                                        0x662 (size before relaxing)
 .debug_str     0x0000000000000d39      0x274 CMakeFiles/Basic.elf.dir/Drivers/STM32F0xx_HAL_Driver/Src/stm32f0xx_hal_rcc.c.obj
                                        0x6ae (size before relaxing)

.comment        0x0000000000000000       0x49
 .comment       0x0000000000000000       0x49 CMakeFiles/Basic.elf.dir/Core/Src/main.c.obj
                                         0x4a (size before relaxing)
 .comment       0x0000000000000049       0x4a CMakeFiles/Basic.elf.dir/Core/Src/stm32f0xx_hal_msp.c.obj
 .comment       0x0000000000000049       0x4a CMakeFiles/Basic.elf.dir/Core/Src/stm32f0xx_it.c.obj
 .comment       0x0000000000000049       0x4a CMakeFiles/Basic.elf.dir/Core/Src/system_stm32f0xx.c.obj
 .comment       0x0000000000000049       0x4a CMakeFiles/Basic.elf.dir/Drivers/STM32F0xx_HAL_Driver/Src/stm32f0xx_hal.c.obj
 .comment       0x0000000000000049       0x4a CMakeFiles/Basic.elf.dir/Drivers/STM32F0xx_HAL_Driver/Src/stm32f0xx_hal_cortex.c.obj
 .comment       0x0000000000000049       0x4a CMakeFiles/Basic.elf.dir/Drivers/STM32F0xx_HAL_Driver/Src/stm32f0xx_hal_rcc.c.obj

.debug_frame    0x0000000000000000      0x700
 .debug_frame   0x0000000000000000       0x64 CMakeFiles/Basic.elf.dir/Core/Src/main.c.obj
 .debug_frame   0x0000000000000064       0x24 CMakeFiles/Basic.elf.dir/Core/Src/stm32f0xx_hal_msp.c.obj
 .debug_frame   0x0000000000000088       0x68 CMakeFiles/Basic.elf.dir/Core/Src/stm32f0xx_it.c.obj
 .debug_frame   0x00000000000000f0       0x38 CMakeFiles/Basic.elf.dir/Core/Src/system_stm32f0xx.c.obj
 .debug_frame   0x0000000000000128      0x1ac CMakeFiles/Basic.elf.dir/Drivers/STM32F0xx_HAL_Driver/Src/stm32f0xx_hal.c.obj
 .debug_frame   0x00000000000002d4       0xe4 CMakeFiles/Basic.elf.dir/Drivers/STM32F0xx_HAL_Driver/Src/stm32f0xx_hal_cortex.c.obj
 .debug_frame   0x00000000000003b8      0x138 CMakeFiles/Basic.elf.dir/Drivers/STM32F0xx_HAL_Driver/Src/stm32f0xx_hal_rcc.c.obj
 .debug_frame   0x00000000000004f0       0x20 /opt/homebrew/Cellar/arm-none-eabi-gcc/10.3-2021.07/gcc/bin/../lib/gcc/arm-none-eabi/10.3.1/thumb/v6-m/nofp/libgcc.a(_udivsi3.o)
 .debug_frame   0x0000000000000510       0x2c /opt/homebrew/Cellar/arm-none-eabi-gcc/10.3-2021.07/gcc/bin/../lib/gcc/arm-none-eabi/10.3.1/../../../../arm-none-eabi/lib/thumb/v6-m/nofp/libg.a(lib_a-init.o)
 .debug_frame   0x000000000000053c       0x30 /opt/homebrew/Cellar/arm-none-eabi-gcc/10.3-2021.07/gcc/bin/../lib/gcc/arm-none-eabi/10.3.1/../../../../arm-none-eabi/lib/thumb/v6-m/nofp/libg.a(lib_a-memset.o)
 .debug_frame   0x000000000000056c       0x54 /opt/homebrew/Cellar/arm-none-eabi-gcc/10.3-2021.07/gcc/bin/../lib/gcc/arm-none-eabi/10.3.1/../../../../arm-none-eabi/lib/thumb/v6-m/nofp/libg.a(lib_a-__call_atexit.o)
 .debug_frame   0x00000000000005c0       0x28 /opt/homebrew/Cellar/arm-none-eabi-gcc/10.3-2021.07/gcc/bin/../lib/gcc/arm-none-eabi/10.3.1/../../../../arm-none-eabi/lib/thumb/v6-m/nofp/libg.a(lib_a-atexit.o)
 .debug_frame   0x00000000000005e8       0x2c /opt/homebrew/Cellar/arm-none-eabi-gcc/10.3-2021.07/gcc/bin/../lib/gcc/arm-none-eabi/10.3.1/../../../../arm-none-eabi/lib/thumb/v6-m/nofp/libg.a(lib_a-fini.o)
 .debug_frame   0x0000000000000614       0xb0 /opt/homebrew/Cellar/arm-none-eabi-gcc/10.3-2021.07/gcc/bin/../lib/gcc/arm-none-eabi/10.3.1/../../../../arm-none-eabi/lib/thumb/v6-m/nofp/libg.a(lib_a-lock.o)
 .debug_frame   0x00000000000006c4       0x3c /opt/homebrew/Cellar/arm-none-eabi-gcc/10.3-2021.07/gcc/bin/../lib/gcc/arm-none-eabi/10.3.1/../../../../arm-none-eabi/lib/thumb/v6-m/nofp/libg.a(lib_a-__atexit.o)
